Component: ARM Compiler 5.06 update 6 (build 750) Tool: armlink [4d35ed]

==============================================================================

Section Cross References

    main.o(i.main) refers to system_stm32f4xx.o(i.SystemInit) for SystemInit
    main.o(i.main) refers to led.o(i.led_config) for led_config
    main.o(i.main) refers to can1.o(i.Can1_Configuration) for Can1_Configuration
    main.o(i.main) refers to delay.o(i.delay_ms) for delay_ms
    main.o(i.main) refers to usart1.o(i.usart1_config) for usart1_config
    main.o(i.main) refers to usart2.o(i.usart2_config) for usart2_config
    main.o(i.main) refers to usart6.o(i.usart6_config) for usart6_config
    main.o(i.main) refers to pid.o(i.PID_InitALL) for PID_InitALL
    main.o(i.main) refers to timer.o(i.Tim2_config) for Tim2_config
    main.o(i.main) refers to timer.o(i.Tim4_config) for Tim4_config
    system_stm32f4xx.o(i.SystemCoreClockUpdate) refers to system_stm32f4xx.o(.data) for SystemCoreClock
    system_stm32f4xx.o(i.SystemInit) refers to system_stm32f4xx.o(i.SetSysClock) for SetSysClock
    usart1.o(i.usart1_config) refers to stm32f4xx_rcc.o(i.RCC_AHB1PeriphClockCmd) for RCC_AHB1PeriphClockCmd
    usart1.o(i.usart1_config) refers to stm32f4xx_rcc.o(i.RCC_APB2PeriphClockCmd) for RCC_APB2PeriphClockCmd
    usart1.o(i.usart1_config) refers to stm32f4xx_gpio.o(i.GPIO_PinAFConfig) for GPIO_PinAFConfig
    usart1.o(i.usart1_config) refers to stm32f4xx_gpio.o(i.GPIO_StructInit) for GPIO_StructInit
    usart1.o(i.usart1_config) refers to stm32f4xx_gpio.o(i.GPIO_Init) for GPIO_Init
    usart1.o(i.usart1_config) refers to stm32f4xx_usart.o(i.USART_DeInit) for USART_DeInit
    usart1.o(i.usart1_config) refers to stm32f4xx_usart.o(i.USART_StructInit) for USART_StructInit
    usart1.o(i.usart1_config) refers to stm32f4xx_usart.o(i.USART_Init) for USART_Init
    usart1.o(i.usart1_config) refers to stm32f4xx_usart.o(i.USART_DMACmd) for USART_DMACmd
    usart1.o(i.usart1_config) refers to stm32f4xx_dma.o(i.DMA_DeInit) for DMA_DeInit
    usart1.o(i.usart1_config) refers to stm32f4xx_dma.o(i.DMA_StructInit) for DMA_StructInit
    usart1.o(i.usart1_config) refers to stm32f4xx_dma.o(i.DMA_Init) for DMA_Init
    usart1.o(i.usart1_config) refers to stm32f4xx_dma.o(i.DMA_DoubleBufferModeConfig) for DMA_DoubleBufferModeConfig
    usart1.o(i.usart1_config) refers to stm32f4xx_dma.o(i.DMA_DoubleBufferModeCmd) for DMA_DoubleBufferModeCmd
    usart1.o(i.usart1_config) refers to stm32f4xx_dma.o(i.DMA_Cmd) for DMA_Cmd
    usart1.o(i.usart1_config) refers to misc.o(i.NVIC_Init) for NVIC_Init
    usart1.o(i.usart1_config) refers to stm32f4xx_usart.o(i.USART_ITConfig) for USART_ITConfig
    usart1.o(i.usart1_config) refers to stm32f4xx_usart.o(i.USART_Cmd) for USART_Cmd
    usart1.o(i.usart1_config) refers to usart1.o(.bss) for usart1_rx_buf
    usart2.o(i.usart2_config) refers to stm32f4xx_rcc.o(i.RCC_AHB1PeriphClockCmd) for RCC_AHB1PeriphClockCmd
    usart2.o(i.usart2_config) refers to stm32f4xx_rcc.o(i.RCC_APB1PeriphClockCmd) for RCC_APB1PeriphClockCmd
    usart2.o(i.usart2_config) refers to stm32f4xx_gpio.o(i.GPIO_PinAFConfig) for GPIO_PinAFConfig
    usart2.o(i.usart2_config) refers to stm32f4xx_gpio.o(i.GPIO_StructInit) for GPIO_StructInit
    usart2.o(i.usart2_config) refers to stm32f4xx_gpio.o(i.GPIO_Init) for GPIO_Init
    usart2.o(i.usart2_config) refers to stm32f4xx_usart.o(i.USART_DeInit) for USART_DeInit
    usart2.o(i.usart2_config) refers to stm32f4xx_usart.o(i.USART_StructInit) for USART_StructInit
    usart2.o(i.usart2_config) refers to stm32f4xx_usart.o(i.USART_Init) for USART_Init
    usart2.o(i.usart2_config) refers to stm32f4xx_usart.o(i.USART_DMACmd) for USART_DMACmd
    usart2.o(i.usart2_config) refers to stm32f4xx_dma.o(i.DMA_DeInit) for DMA_DeInit
    usart2.o(i.usart2_config) refers to stm32f4xx_dma.o(i.DMA_Init) for DMA_Init
    usart2.o(i.usart2_config) refers to stm32f4xx_dma.o(i.DMA_Cmd) for DMA_Cmd
    usart2.o(i.usart2_config) refers to misc.o(i.NVIC_Init) for NVIC_Init
    usart2.o(i.usart2_config) refers to stm32f4xx_usart.o(i.USART_ITConfig) for USART_ITConfig
    usart2.o(i.usart2_config) refers to stm32f4xx_usart.o(i.USART_Cmd) for USART_Cmd
    usart2.o(i.usart2_config) refers to usart2.o(.bss) for usart2_rx_buf
    led.o(i.led_config) refers to stm32f4xx_rcc.o(i.RCC_AHB1PeriphClockCmd) for RCC_AHB1PeriphClockCmd
    led.o(i.led_config) refers to stm32f4xx_gpio.o(i.GPIO_Init) for GPIO_Init
    led.o(i.led_config) refers to stm32f4xx_gpio.o(i.GPIO_SetBits) for GPIO_SetBits
    can1.o(i.CAN1_RX0_IRQHandler) refers to stm32f4xx_can.o(i.CAN_GetITStatus) for CAN_GetITStatus
    can1.o(i.CAN1_RX0_IRQHandler) refers to stm32f4xx_can.o(i.CAN_ClearITPendingBit) for CAN_ClearITPendingBit
    can1.o(i.CAN1_RX0_IRQHandler) refers to stm32f4xx_can.o(i.CAN_ClearFlag) for CAN_ClearFlag
    can1.o(i.CAN1_RX0_IRQHandler) refers to stm32f4xx_can.o(i.CAN_Receive) for CAN_Receive
[...]
    ../clib/signal.c                         0x00000000   Number         0  defsig_rtred_inner.o ABSOLUTE
    ../clib/signal.c                         0x00000000   Number         0  defsig_fpe_inner.o ABSOLUTE
    ../clib/signal.c                         0x00000000   Number         0  defsig_abrt_inner.o ABSOLUTE
    ../clib/signal.c                         0x00000000   Number         0  defsig_general.o ABSOLUTE
    ../clib/signal.s                         0x00000000   Number         0  defsig.o ABSOLUTE
    ../clib/stdlib.c                         0x00000000   Number         0  exit.o ABSOLUTE
    ../fplib/basic.s                         0x00000000   Number         0  basic.o ABSOLUTE
    ../fplib/d2f.s                           0x00000000   Number         0  d2f.o ABSOLUTE
    ../fplib/daddsub.s                       0x00000000   Number         0  daddsub_clz.o ABSOLUTE
    ../fplib/dcmpi.s                         0x00000000   Number         0  dcmpi.o ABSOLUTE
    ../fplib/ddiv.s                          0x00000000   Number         0  ddiv.o ABSOLUTE
    ../fplib/dflt.s                          0x00000000   Number         0  dflt_clz.o ABSOLUTE
    ../fplib/dleqf.s                         0x00000000   Number         0  dleqf.o ABSOLUTE
    ../fplib/dmul.s                          0x00000000   Number         0  dmul.o ABSOLUTE
    ../fplib/dnaninf.s                       0x00000000   Number         0  dnaninf.o ABSOLUTE
    ../fplib/dretinf.s                       0x00000000   Number         0  dretinf.o ABSOLUTE
    ../fplib/drleqf.s                        0x00000000   Number         0  drleqf.o ABSOLUTE
    ../fplib/f2d.s                           0x00000000   Number         0  f2d.o ABSOLUTE
    ../fplib/fnaninf.s                       0x00000000   Number         0  fnaninf.o ABSOLUTE
    ../fplib/fpinit.s                        0x00000000   Number         0  fpinit.o ABSOLUTE
    ../fplib/fretinf.s                       0x00000000   Number         0  fretinf.o ABSOLUTE
    ../fplib/usenofp.s                       0x00000000   Number         0  usenofp.o ABSOLUTE
    ..\CORE\startup_stm32f40_41xxx.s         0x00000000   Number         0  startup_stm32f40_41xxx.o ABSOLUTE
    ..\FWLIB\src\misc.c                      0x00000000   Number         0  misc.o ABSOLUTE
    ..\FWLIB\src\stm32f4xx_adc.c             0x00000000   Number         0  stm32f4xx_adc.o ABSOLUTE
    ..\FWLIB\src\stm32f4xx_can.c             0x00000000   Number         0  stm32f4xx_can.o ABSOLUTE
    ..\FWLIB\src\stm32f4xx_dac.c             0x00000000   Number         0  stm32f4xx_dac.o ABSOLUTE
    ..\FWLIB\src\stm32f4xx_dcmi.c            0x00000000   Number         0  stm32f4xx_dcmi.o ABSOLUTE
    ..\FWLIB\src\stm32f4xx_dma.c             0x00000000   Number         0  stm32f4xx_dma.o ABSOLUTE
    ..\FWLIB\src\stm32f4xx_exti.c            0x00000000   Number         0  stm32f4xx_exti.o ABSOLUTE
    ..\FWLIB\src\stm32f4xx_flash.c           0x00000000   Number         0  stm32f4xx_flash.o ABSOLUTE
    ..\FWLIB\src\stm32f4xx_gpio.c            0x00000000   Number         0  stm32f4xx_gpio.o ABSOLUTE
    ..\FWLIB\src\stm32f4xx_rcc.c             0x00000000   Number         0  stm32f4xx_rcc.o ABSOLUTE
    ..\FWLIB\src\stm32f4xx_sdio.c            0x00000000   Number         0  stm32f4xx_sdio.o ABSOLUTE
    ..\FWLIB\src\stm32f4xx_spi.c             0x00000000   Number         0  stm32f4xx_spi.o ABSOLUTE
    ..\FWLIB\src\stm32f4xx_syscfg.c          0x00000000   Number         0  stm32f4xx_syscfg.o ABSOLUTE
    ..\FWLIB\src\stm32f4xx_tim.c             0x00000000   Number         0  stm32f4xx_tim.o ABSOLUTE
    ..\FWLIB\src\stm32f4xx_usart.c           0x00000000   Number         0  stm32f4xx_usart.o ABSOLUTE
    ..\SYSTEM\delay\delay.c                  0x00000000   Number         0  delay.o ABSOLUTE
    ..\\FWLIB\\src\\misc.c                   0x00000000   Number         0  misc.o ABSOLUTE
    ..\\FWLIB\\src\\stm32f4xx_adc.c          0x00000000   Number         0  stm32f4xx_adc.o ABSOLUTE
    ..\\FWLIB\\src\\stm32f4xx_can.c          0x00000000   Number         0  stm32f4xx_can.o ABSOLUTE
    ..\\FWLIB\\src\\stm32f4xx_dac.c          0x00000000   Number         0  stm32f4xx_dac.o ABSOLUTE
    ..\\FWLIB\\src\\stm32f4xx_dcmi.c         0x00000000   Number         0  stm32f4xx_dcmi.o ABSOLUTE
    ..\\FWLIB\\src\\stm32f4xx_dma.c          0x00000000   Number         0  stm32f4xx_dma.o ABSOLUTE
    ..\\FWLIB\\src\\stm32f4xx_exti.c         0x00000000   Number         0  stm32f4xx_exti.o ABSOLUTE
    ..\\FWLIB\\src\\stm32f4xx_flash.c        0x00000000   Number         0  stm32f4xx_flash.o ABSOLUTE
    ..\\FWLIB\\src\\stm32f4xx_gpio.c         0x00000000   Number         0  stm32f4xx_gpio.o ABSOLUTE
    ..\\FWLIB\\src\\stm32f4xx_rcc.c          0x00000000   Number         0  stm32f4xx_rcc.o ABSOLUTE
    ..\\FWLIB\\src\\stm32f4xx_sdio.c         0x00000000   Number         0  stm32f4xx_sdio.o ABSOLUTE
    ..\\FWLIB\\src\\stm32f4xx_spi.c          0x00000000   Number         0  stm32f4xx_spi.o ABSOLUTE
    ..\\FWLIB\\src\\stm32f4xx_syscfg.c       0x00000000   Number         0  stm32f4xx_syscfg.o ABSOLUTE
    ..\\FWLIB\\src\\stm32f4xx_tim.c          0x00000000   Number         0  stm32f4xx_tim.o ABSOLUTE
    ..\\FWLIB\\src\\stm32f4xx_usart.c        0x00000000   Number         0  stm32f4xx_usart.o ABSOLUTE
    ..\\SYSTEM\\delay\\delay.c               0x00000000   Number         0  delay.o ABSOLUTE
    callback.c                               0x00000000   Number         0  callback.o ABSOLUTE
    callback.c                               0x00000000   Number         0  callback.o ABSOLUTE
    can1.c                                   0x00000000   Number         0  can1.o ABSOLUTE
    can1.c                                   0x00000000   Number         0  can1.o ABSOLUTE
    chassis_task.c                           0x00000000   Number         0  chassis_task.o ABSOLUTE
    chassis_task.c                           0x00000000   Number         0  chassis_task.o ABSOLUTE
    dc.s                                     0x00000000   Number         0  dc.o ABSOLUTE
    imu_task.c                               0x00000000   Number         0  imu_task.o ABSOLUTE
    imu_task.c                               0x00000000   Number         0  imu_task.o ABSOLUTE
    led.c                                    0x00000000   Number         0  led.o ABSOLUTE
    led.c                                    0x00000000   Number         0  led.o ABSOLUTE
    main.c                                   0x00000000   Number         0  main.o ABSOLUTE
    main.c                                   0x00000000   Number         0  main.o ABSOLUTE
    pid.c                                    0x00000000   Number         0  pid.o ABSOLUTE
    pid.c                                    0x00000000   Number         0  pid.o ABSOLUTE
    remote_task.c                            0x00000000   Number         0  remote_task.o ABSOLUTE
    remote_task.c                            0x00000000   Number         0  remote_task.o ABSOLUTE
    stm32f4xx_it.c                           0x00000000   Number         0  stm32f4xx_it.o ABSOLUTE
    stm32f4xx_it.c                           0x00000000   Number         0  stm32f4xx_it.o ABSOLUTE
    system_stm32f4xx.c                       0x00000000   Number         0  system_stm32f4xx.o ABSOLUTE
    system_stm32f4xx.c                       0x00000000   Number         0  system_stm32f4xx.o ABSOLUTE
    timer.c                                  0x00000000   Number         0  timer.o ABSOLUTE
    timer.c                                  0x00000000   Number         0  timer.o ABSOLUTE
    usart1.c                                 0x00000000   Number         0  usart1.o ABSOLUTE
    usart1.c                                 0x00000000   Number         0  usart1.o ABSOLUTE
    usart2.c                                 0x00000000   Number         0  usart2.o ABSOLUTE
    usart2.c                                 0x00000000   Number         0  usart2.o ABSOLUTE
    usart6.c                                 0x00000000   Number         0  usart6.o ABSOLUTE
    usart6.c                                 0x00000000   Number         0  usart6.o ABSOLUTE
    RESET                                    0x08000000   Section      392  startup_stm32f40_41xxx.o(RESET)
    !!!main                                  0x08000188   Section        8  __main.o(!!!main)
    !!!scatter                               0x08000190   Section       52  __scatter.o(!!!scatter)
    !!handler_copy                           0x080001c4   Section       26  __scatter_copy.o(!!handler_copy)
    !!handler_zi                             0x080001e0   Section       28  __scatter_zi.o(!!handler_zi)
    .ARM.Collect$$libinit$$00000000          0x080001fc   Section        2  libinit.o(.ARM.Collect$$libinit$$00000000)
    .ARM.Collect$$libinit$$00000001          0x080001fe   Section        4  libinit2.o(.ARM.Collect$$libinit$$00000001)
    .ARM.Collect$$libinit$$00000004          0x08000202   Section        0  libinit2.o(.ARM.Collect$$libinit$$00000004)
    .ARM.Collect$$libinit$$0000000A          0x08000202   Section        0  libinit2.o(.ARM.Collect$$libinit$$0000000A)
    .ARM.Collect$$libinit$$0000000C          0x08000202   Section        0  libinit2.o(.ARM.Collect$$libinit$$0000000C)
    .ARM.Collect$$libinit$$0000000E          0x08000202   Section        0  libinit2.o(.ARM.Collect$$libinit$$0000000E)
    .ARM.Collect$$libinit$$00000011          0x08000202   Section        0  libinit2.o(.ARM.Collect$$libinit$$00000011)
    .ARM.Collect$$libinit$$00000013          0x08000202   Section        0  libinit2.o(.ARM.Collect$$libinit$$00000013)
    .ARM.Collect$$libinit$$00000015          0x08000202   Section        0  libinit2.o(.ARM.Collect$$libinit$$00000015)
    .ARM.Collect$$libinit$$00000017          0x08000202   Section        0  libinit2.o(.ARM.Collect$$libinit$$00000017)
    .ARM.Collect$$libinit$$00000019          0x08000202   Section        0  libinit2.o(.ARM.Collect$$libinit$$00000019)
    .ARM.Collect$$libinit$$0000001B          0x08000202   Section        0  libinit2.o(.ARM.Collect$$libinit$$0000001B)
    .ARM.Collect$$libinit$$0000001D          0x08000202   Section        0  libinit2.o(.ARM.Collect$$libinit$$0000001D)
    .ARM.Collect$$libinit$$0000001F          0x08000202   Section        0  libinit2.o(.ARM.Collect$$libinit$$0000001F)
    .ARM.Collect$$libinit$$00000021          0x08000202   Section        0  libinit2.o(.ARM.Collect$$libinit$$00000021)
    .ARM.Collect$$libinit$$00000023          0x08000202   Section        0  libinit2.o(.ARM.Collect$$libinit$$00000023)
    .ARM.Collect$$libinit$$00000025          0x08000202   Section        0  libinit2.o(.ARM.Collect$$libinit$$00000025)
    .ARM.Collect$$libinit$$0000002C          0x08000202   Section        0  libinit2.o(.ARM.Collect$$libinit$$0000002C)
    .ARM.Collect$$libinit$$0000002E          0x08000202   Section        0  libinit2.o(.ARM.Collect$$libinit$$0000002E)
    .ARM.Collect$$libinit$$00000030          0x08000202   Section        0  libinit2.o(.ARM.Collect$$libinit$$00000030)
    .ARM.Collect$$libinit$$00000032          0x08000202   Section        0  libinit2.o(.ARM.Collect$$libinit$$00000032)
    .ARM.Collect$$libinit$$00000033          0x08000202   Section        2  libinit2.o(.ARM.Collect$$libinit$$00000033)
    .ARM.Collect$$libshutdown$$00000000      0x08000204   Section        2  libshutdown.o(.ARM.Collect$$libshutdown$$00000000)
    .ARM.Collect$$libshutdown$$00000002      0x08000206   Section        0  libshutdown2.o(.ARM.Collect$$libshutdown$$00000002)
    .ARM.Collect$$libshutdown$$00000004      0x08000206   Section        0  libshutdown2.o(.ARM.Collect$$libshutdown$$00000004)
    .ARM.Collect$$libshutdown$$00000007      0x08000206   Section        0  libshutdown2.o(.ARM.Collect$$libshutdown$$00000007)
    .ARM.Collect$$libshutdown$$0000000A      0x08000206   Section        0  libshutdown2.o(.ARM.Collect$$libshutdown$$0000000A)
    .ARM.Collect$$libshutdown$$0000000C      0x08000206   Section        0  libshutdown2.o(.ARM.Collect$$libshutdown$$0000000C)
    .ARM.Collect$$libshutdown$$0000000F      0x08000206   Section        0  libshutdown2.o(.ARM.Collect$$libshutdown$$0000000F)
    .ARM.Collect$$libshutdown$$00000010      0x08000206   Section        2  libshutdown2.o(.ARM.Collect$$libshutdown$$00000010)
    .ARM.Collect$$rtentry$$00000000          0x08000208   Section        0  __rtentry.o(.ARM.Collect$$rtentry$$00000000)
    .ARM.Collect$$rtentry$$00000002          0x08000208   Section        0  __rtentry2.o(.ARM.Collect$$rtentry$$00000002)
    .ARM.Collect$$rtentry$$00000004          0x08000208   Section        6  __rtentry4.o(.ARM.Collect$$rtentry$$00000004)
    .ARM.Collect$$rtentry$$00000009          0x0800020e   Section        0  __rtentry2.o(.ARM.Collect$$rtentry$$00000009)
    .ARM.Collect$$rtentry$$0000000A          0x0800020e   Section        4  __rtentry2.o(.ARM.Collect$$rtentry$$0000000A)
    .ARM.Collect$$rtentry$$0000000C          0x08000212   Section        0  __rtentry2.o(.ARM.Collect$$rtentry$$0000000C)
    .ARM.Collect$$rtentry$$0000000D          0x08000212   Section        8  __rtentry2.o(.ARM.Collect$$rtentry$$0000000D)
    .ARM.Collect$$rtexit$$00000000           0x0800021a   Section        2  rtexit.o(.ARM.Collect$$rtexit$$00000000)
    .ARM.Collect$$rtexit$$00000002           0x0800021c   Section        0  rtexit2.o(.ARM.Collect$$rtexit$$00000002)
    .ARM.Collect$$rtexit$$00000003           0x0800021c   Section        4  rtexit2.o(.ARM.Collect$$rtexit$$00000003)
    .ARM.Collect$$rtexit$$00000004           0x08000220   Section        6  rtexit2.o(.ARM.Collect$$rtexit$$00000004)
    .text                                    0x08000228   Section       64  startup_stm32f40_41xxx.o(.text)
    $v0                                      0x08000228   Number         0  startup_stm32f40_41xxx.o(.text)
    .text                                    0x08000268   Section      138  rt_memcpy_v6.o(.text)
    .text                                    0x080002f2   Section       78  rt_memclr_w.o(.text)
    .text                                    0x08000340   Section        0  heapauxi.o(.text)
    .text                                    0x08000346   Section      100  rt_memcpy_w.o(.text)
    .text                                    0x080003aa   Section       74  sys_stackheap_outer.o(.text)
    .text                                    0x080003f4   Section        0  exit.o(.text)
    .text                                    0x08000408   Section        8  libspace.o(.text)
    .text                                    0x08000410   Section        0  sys_exit.o(.text)
    .text                                    0x0800041c   Section        2  use_no_semi.o(.text)
    .text                                    0x0800041e   Section        0  indicate_semi.o(.text)
    i.AutoCtrlDataProcess                    0x08000420   Section        0  remote_task.o(i.AutoCtrlDataProcess)
    i.Automatic_chassis_control              0x080004bc   Section        0  chassis_task.o(i.Automatic_chassis_control)
    i.BusFault_Handler                       0x080006d0   Section        0  stm32f4xx_it.o(i.BusFault_Handler)
    i.CAN1_RX0_IRQHandler                    0x080006d4   Section        0  can1.o(i.CAN1_RX0_IRQHandler)
    i.CAN_ClearFlag                          0x08000cec   Section        0  stm32f4xx_can.o(i.CAN_ClearFlag)
    i.CAN_ClearITPendingBit                  0x08000d24   Section        0  stm32f4xx_can.o(i.CAN_ClearITPendingBit)
    i.CAN_FilterInit                         0x08000dcc   Section        0  stm32f4xx_can.o(i.CAN_FilterInit)
    i.CAN_GetITStatus                        0x08000ed4   Section        0  stm32f4xx_can.o(i.CAN_GetITStatus)
    i.CAN_ITConfig                           0x08000ff4   Section        0  stm32f4xx_can.o(i.CAN_ITConfig)
    i.CAN_Init                               0x08001006   Section        0  stm32f4xx_can.o(i.CAN_Init)
    i.CAN_Receive                            0x0800111a   Section        0  stm32f4xx_can.o(i.CAN_Receive)
    i.CAN_Transmit                           0x0800120a   Section        0  stm32f4xx_can.o(i.CAN_Transmit)
    i.Can1_Configuration                     0x08001330   Section        0  can1.o(i.Can1_Configuration)
    i.CheckITStatus                          0x0800142c   Section        0  stm32f4xx_can.o(i.CheckITStatus)
    CheckITStatus                            0x0800142d   Thumb Code    18  stm32f4xx_can.o(i.CheckITStatus)
    i.DMA_ClearFlag                          0x08001440   Section        0  stm32f4xx_dma.o(i.DMA_ClearFlag)
    i.DMA_Cmd                                0x08001474   Section        0  stm32f4xx_dma.o(i.DMA_Cmd)
    i.DMA_DeInit                             0x0800148c   Section        0  stm32f4xx_dma.o(i.DMA_DeInit)
    i.DMA_DoubleBufferModeCmd                0x080015e4   Section        0  stm32f4xx_dma.o(i.DMA_DoubleBufferModeCmd)
    i.DMA_DoubleBufferModeConfig             0x080015fa   Section        0  stm32f4xx_dma.o(i.DMA_DoubleBufferModeConfig)
    i.DMA_GetCurrDataCounter                 0x08001612   Section        0  stm32f4xx_dma.o(i.DMA_GetCurrDataCounter)
    i.DMA_GetCurrentMemoryTarget             0x0800161a   Section        0  stm32f4xx_dma.o(i.DMA_GetCurrentMemoryTarget)
    i.DMA_Init                               0x08001630   Section        0  stm32f4xx_dma.o(i.DMA_Init)
    i.DMA_SetCurrDataCounter                 0x08001688   Section        0  stm32f4xx_dma.o(i.DMA_SetCurrDataCounter)
    i.DMA_StructInit                         0x0800168c   Section        0  stm32f4xx_dma.o(i.DMA_StructInit)
    i.DebugMon_Handler                       0x080016ae   Section        0  stm32f4xx_it.o(i.DebugMon_Handler)
    i.GPIO_Init                              0x080016b0   Section        0  stm32f4xx_gpio.o(i.GPIO_Init)
    i.GPIO_PinAFConfig                       0x08001740   Section        0  stm32f4xx_gpio.o(i.GPIO_PinAFConfig)
    i.GPIO_SetBits                           0x08001786   Section        0  stm32f4xx_gpio.o(i.GPIO_SetBits)
    i.GPIO_StructInit                        0x0800178a   Section        0  stm32f4xx_gpio.o(i.GPIO_StructInit)
    i.HardFault_Handler                      0x0800179c   Section        0  stm32f4xx_it.o(i.HardFault_Handler)
    i.ImuDataProcess                         0x080017a0   Section        0  imu_task.o(i.ImuDataProcess)
    i.MemManage_Handler                      0x080017ec   Section        0  stm32f4xx_it.o(i.MemManage_Handler)
    i.NMI_Handler                            0x080017f0   Section        0  stm32f4xx_it.o(i.NMI_Handler)
    i.NVIC_Init                              0x080017f4   Section        0  misc.o(i.NVIC_Init)
    i.PID_Calc                               0x0800186c   Section        0  pid.o(i.PID_Calc)
    i.PID_Init                               0x08001a8e   Section        0  pid.o(i.PID_Init)
    i.PID_InitALL                            0x08001a9c   Section        0  pid.o(i.PID_InitALL)
    i.PID_SetParam                           0x08001b58   Section        0  pid.o(i.PID_SetParam)
    i.PendSV_Handler                         0x08001b6e   Section        0  stm32f4xx_it.o(i.PendSV_Handler)
    i.RCC_AHB1PeriphClockCmd                 0x08001b70   Section        0  stm32f4xx_rcc.o(i.RCC_AHB1PeriphClockCmd)
    i.RCC_APB1PeriphClockCmd                 0x08001b90   Section        0  stm32f4xx_rcc.o(i.RCC_APB1PeriphClockCmd)
    i.RCC_APB1PeriphResetCmd                 0x08001bb0   Section        0  stm32f4xx_rcc.o(i.RCC_APB1PeriphResetCmd)
    i.RCC_APB2PeriphClockCmd                 0x08001bd0   Section        0  stm32f4xx_rcc.o(i.RCC_APB2PeriphClockCmd)
    i.RCC_APB2PeriphResetCmd                 0x08001bf0   Section        0  stm32f4xx_rcc.o(i.RCC_APB2PeriphResetCmd)
    i.RCC_GetClocksFreq                      0x08001c10   Section        0  stm32f4xx_rcc.o(i.RCC_GetClocksFreq)
    i.RemoteCtrlDataProcess                  0x08001cf8   Section        0  remote_task.o(i.RemoteCtrlDataProcess)
    i.SVC_Handler                            0x08001d60   Section        0  stm32f4xx_it.o(i.SVC_Handler)
    i.Send_motorvalue_CAN1_4                 0x08001d64   Section        0  can1.o(i.Send_motorvalue_CAN1_4)
    i.SetSysClock                            0x08001dc8   Section        0  system_stm32f4xx.o(i.SetSysClock)
    SetSysClock                              0x08001dc9   Thumb Code   272  system_stm32f4xx.o(i.SetSysClock)
    i.Stop_chassis_control                   0x08001ee8   Section        0  chassis_task.o(i.Stop_chassis_control)
    i.SysTick_Handler                        0x08001f3c   Section        0  stm32f4xx_it.o(i.SysTick_Handler)
    i.SystemInit                             0x08001f40   Section        0  system_stm32f4xx.o(i.SystemInit)
    i.TIM2_IRQHandler                        0x08001fa8   Section        0  callback.o(i.TIM2_IRQHandler)
    i.TIM4_IRQHandler                        0x08001fc4   Section        0  callback.o(i.TIM4_IRQHandler)
    i.TIM_ARRPreloadConfig                   0x08001fe4   Section        0  stm32f4xx_tim.o(i.TIM_ARRPreloadConfig)
    i.TIM_ClearFlag                          0x08001ffc   Section        0  stm32f4xx_tim.o(i.TIM_ClearFlag)
    i.TIM_Cmd                                0x08002002   Section        0  stm32f4xx_tim.o(i.TIM_Cmd)
    i.TIM_GetITStatus                        0x0800201a   Section        0  stm32f4xx_tim.o(i.TIM_GetITStatus)
    i.TIM_ITConfig                           0x0800203c   Section        0  stm32f4xx_tim.o(i.TIM_ITConfig)
    i.TIM_TimeBaseInit                       0x08002050   Section        0  stm32f4xx_tim.o(i.TIM_TimeBaseInit)
    i.Tim2_config                            0x080020d4   Section        0  timer.o(i.Tim2_config)
    i.Tim4_config                            0x08002144   Section        0  timer.o(i.Tim4_config)
    i.USART1_IRQHandler                      0x080021b4   Section        0  callback.o(i.USART1_IRQHandler)
    i.USART2_IRQHandler                      0x08002258   Section        0  callback.o(i.USART2_IRQHandler)
    i.USART6_IRQHandler                      0x080022c8   Section        0  callback.o(i.USART6_IRQHandler)
    i.USART_Cmd                              0x08002328   Section        0  stm32f4xx_usart.o(i.USART_Cmd)
    i.USART_DMACmd                           0x08002340   Section        0  stm32f4xx_usart.o(i.USART_DMACmd)
    i.USART_DeInit                           0x08002354   Section        0  stm32f4xx_usart.o(i.USART_DeInit)
    i.USART_GetFlagStatus                    0x08002444   Section        0  stm32f4xx_usart.o(i.USART_GetFlagStatus)
    i.USART_GetITStatus                      0x0800245e   Section        0  stm32f4xx_usart.o(i.USART_GetITStatus)
    i.USART_ITConfig                         0x080024b2   Section        0  stm32f4xx_usart.o(i.USART_ITConfig)
    i.USART_Init                             0x080024fc   Section        0  stm32f4xx_usart.o(i.USART_Init)
    i.USART_SendData                         0x080025d0   Section        0  stm32f4xx_usart.o(i.USART_SendData)
    i.USART_StructInit                       0x080025d8   Section        0  stm32f4xx_usart.o(i.USART_StructInit)
    i.UsageFault_Handler                     0x080025f0   Section        0  stm32f4xx_it.o(i.UsageFault_Handler)
    i.chassis_task                           0x080025f4   Section        0  chassis_task.o(i.chassis_task)
    i.delay_ms                               0x0800262c   Section        0  delay.o(i.delay_ms)
    i.imu_task                               0x08002648   Section        0  imu_task.o(i.imu_task)
    i.led_config                             0x0800292c   Section        0  led.o(i.led_config)
    i.main                                   0x0800299c   Section        0  main.o(i.main)
    i.remote_chassis_control_mode            0x080029e4   Section        0  chassis_task.o(i.remote_chassis_control_mode)
    i.send_imu_data                          0x08002c20   Section        0  imu_task.o(i.send_imu_data)
    i.usart1_config                          0x08002c90   Section        0  usart1.o(i.usart1_config)
    i.usart2_config                          0x08002dd8   Section        0  usart2.o(i.usart2_config)
    i.usart6_config                          0x08002f10   Section        0  usart6.o(i.usart6_config)
    x$fpl$basic                              0x08003044   Section       24  basic.o(x$fpl$basic)
    $v0                                      0x08003044   Number         0  basic.o(x$fpl$basic)
    x$fpl$d2f                                0x0800305c   Section       98  d2f.o(x$fpl$d2f)
    $v0                                      0x0800305c   Number         0  d2f.o(x$fpl$d2f)
    x$fpl$dadd                               0x080030c0   Section      336  daddsub_clz.o(x$fpl$dadd)
    $v0                                      0x080030c0   Number         0  daddsub_clz.o(x$fpl$dadd)
    _dadd1                                   0x080030d1   Thumb Code     0  daddsub_clz.o(x$fpl$dadd)
    x$fpl$dcmpinf                            0x08003210   Section       24  dcmpi.o(x$fpl$dcmpinf)
    $v0                                      0x08003210   Number         0  dcmpi.o(x$fpl$dcmpinf)
    x$fpl$ddiv                               0x08003228   Section      688  ddiv.o(x$fpl$ddiv)
    $v0                                      0x08003228   Number         0  ddiv.o(x$fpl$ddiv)
    ddiv_entry                               0x0800322f   Thumb Code     0  ddiv.o(x$fpl$ddiv)
    x$fpl$dflt                               0x080034d8   Section       46  dflt_clz.o(x$fpl$dflt)
    $v0                                      0x080034d8   Number         0  dflt_clz.o(x$fpl$dflt)
    x$fpl$dleqf                              0x08003508   Section      120  dleqf.o(x$fpl$dleqf)
    $v0                                      0x08003508   Number         0  dleqf.o(x$fpl$dleqf)
    x$fpl$dmul                               0x08003580   Section      340  dmul.o(x$fpl$dmul)
    $v0                                      0x08003580   Number         0  dmul.o(x$fpl$dmul)
    x$fpl$dnaninf                            0x080036d4   Section      156  dnaninf.o(x$fpl$dnaninf)
    $v0                                      0x080036d4   Number         0  dnaninf.o(x$fpl$dnaninf)
    x$fpl$dretinf                            0x08003770   Section       12  dretinf.o(x$fpl$dretinf)
    $v0                                      0x08003770   Number         0  dretinf.o(x$fpl$dretinf)
    x$fpl$drleqf                             0x0800377c   Section      108  drleqf.o(x$fpl$drleqf)
    $v0                                      0x0800377c   Number         0  drleqf.o(x$fpl$drleqf)
    x$fpl$dsub                               0x080037e8   Section      468  daddsub_clz.o(x$fpl$dsub)
    $v0                                      0x080037e8   Number         0  daddsub_clz.o(x$fpl$dsub)
    _dsub1                                   0x080037f9   Thumb Code     0  daddsub_clz.o(x$fpl$dsub)
    x$fpl$f2d                                0x080039bc   Section       86  f2d.o(x$fpl$f2d)
    $v0                                      0x080039bc   Number         0  f2d.o(x$fpl$f2d)
    x$fpl$fnaninf                            0x08003a12   Section      140  fnaninf.o(x$fpl$fnaninf)
    $v0                                      0x08003a12   Number         0  fnaninf.o(x$fpl$fnaninf)
    x$fpl$fpinit                             0x08003a9e   Section       10  fpinit.o(x$fpl$fpinit)
    $v0                                      0x08003a9e   Number         0  fpinit.o(x$fpl$fpinit)
    x$fpl$fretinf                            0x08003aa8   Section       10  fretinf.o(x$fpl$fretinf)
    $v0                                      0x08003aa8   Number         0  fretinf.o(x$fpl$fretinf)
    x$fpl$usenofp                            0x08003ab2   Section        0  usenofp.o(x$fpl$usenofp)
    .data                                    0x20000000   Section       92  can1.o(.data)
    .data                                    0x2000005c   Section       16  stm32f4xx_rcc.o(.data)
    APBAHBPrescTable                         0x2000005c   Data          16  stm32f4xx_rcc.o(.data)
    .data                                    0x2000006c   Section        6  remote_task.o(.data)
    .data                                    0x20000074   Section       24  chassis_task.o(.data)
    .data                                    0x2000008c   Section       16  imu_task.o(.data)
    .bss                                     0x2000009c   Section      256  usart1.o(.bss)
    .bss                                     0x2000019c   Section      256  usart2.o(.bss)
    .bss                                     0x2000029c   Section       80  can1.o(.bss)
    .bss                                     0x200002ec   Section      256  usart6.o(.bss)
    .bss                                     0x200003f0   Section     1144  pid.o(.bss)
    .bss                                     0x20000868   Section       12  remote_task.o(.bss)
    .bss                                     0x20000874   Section       24  imu_task.o(.bss)
    .bss                                     0x2000088c   Section       96  libspace.o(.bss)
    HEAP                                     0x200008f0   Section      512  startup_stm32f40_41xxx.o(HEAP)
    Heap_Mem                                 0x200008f0   Data         512  startup_stm32f40_41xxx.o(HEAP)
    STACK                                    0x20000af0   Section     1024  startup_stm32f40_41xxx.o(STACK)
    Stack_Mem                                0x20000af0   Data        1024  startup_stm32f40_41xxx.o(STACK)
    __initial_sp                             0x20000ef0   Data           0  startup_stm32f40_41xxx.o(STACK)

    Global Symbols

    Symbol Name                              Value     Ov Type        Size  Object(Section)

    BuildAttributes$$THM_ISAv4$E$P$D$K$B$S$7EM$VFPi3$EXTD16$VFPS$VFMA$PE$A:L22UL41UL21$X:L11$S22US41US21$IEEE1$IW$USESV6$~STKCKD$USESV7$~SHL$OSPACE$ROPI$EBA8$UX$STANDARDLIB$REQ8$PRES8$EABIv2 0x00000000   Number         0  anon$$obj.o ABSOLUTE
    __ARM_use_no_argv                        0x00000000   Number         0  main.o ABSOLUTE
    __ARM_exceptions_init                     - Undefined Weak Reference
    __alloca_initialize                       - Undefined Weak Reference
    __arm_preinit_                            - Undefined Weak Reference
    __cpp_initialize__aeabi_                  - Undefined Weak Reference
    __cxa_finalize                            - Undefined Weak Reference
    __rt_locale                               - Undefined Weak Reference
    __sigvec_lookup                           - Undefined Weak Reference
    _atexit_init                              - Undefined Weak Reference
    _call_atexit_fns                          - Undefined Weak Reference
    _clock_init                               - Undefined Weak Reference
    _fp_trap_init                             - Undefined Weak Reference
    _fp_trap_shutdown                         - Undefined Weak Reference
    _get_lc_collate                           - Undefined Weak Reference
    _get_lc_ctype                             - Undefined Weak Reference
    _get_lc_monetary                          - Undefined Weak Reference
    _get_lc_numeric                           - Undefined Weak Reference
    _get_lc_time                              - Undefined Weak Reference
    _getenv_init                              - Undefined Weak Reference
    _handle_redirection                       - Undefined Weak Reference
    _init_alloc                               - Undefined Weak Reference
    _init_user_alloc                          - Undefined Weak Reference
    _initio                                   - Undefined Weak Reference
    _rand_init                                - Undefined Weak Reference
    _signal_finish                            - Undefined Weak Reference
    _signal_init                              - Undefined Weak Reference
    _terminate_alloc                          - Undefined Weak Reference
    _terminate_user_alloc                     - Undefined Weak Reference
    _terminateio                              - Undefined Weak Reference
    __Vectors_Size                           0x00000188   Number         0  startup_stm32f40_41xxx.o ABSOLUTE
    __Vectors                                0x08000000   Data           4  startup_stm32f40_41xxx.o(RESET)
    __Vectors_End                            0x08000188   Data           0  startup_stm32f40_41xxx.o(RESET)
    __main                                   0x08000189   Thumb Code     8  __main.o(!!!main)
    __scatterload                            0x08000191   Thumb Code     0  __scatter.o(!!!scatter)
    __scatterload_rt2                        0x08000191   Thumb Code    44  __scatter.o(!!!scatter)
    __scatterload_rt2_thumb_only             0x08000191   Thumb Code     0  __scatter.o(!!!scatter)
    __scatterload_null                       0x0800019f   Thumb Code     0  __scatter.o(!!!scatter)
    __scatterload_copy                       0x080001c5   Thumb Code    26  __scatter_copy.o(!!handler_copy)
    __scatterload_zeroinit                   0x080001e1   Thumb Code    28  __scatter_zi.o(!!handler_zi)
    __rt_lib_init                            0x080001fd   Thumb Code     0  libinit.o(.ARM.Collect$$libinit$$00000000)
    __rt_lib_init_fp_1                       0x080001ff   Thumb Code     0  libinit2.o(.ARM.Collect$$libinit$$00000001)
    __rt_lib_init_alloca_1                   0x08000203   Thumb Code     0  libinit2.o(.ARM.Collect$$libinit$$0000002E)
    __rt_lib_init_argv_1                     0x08000203   Thumb Code     0  libinit2.o(.ARM.Collect$$libinit$$0000002C)
    __rt_lib_init_atexit_1                   0x08000203   Thumb Code     0  libinit2.o(.ARM.Collect$$libinit$$0000001B)
    __rt_lib_init_clock_1                    0x08000203   Thumb Code     0  libinit2.o(.ARM.Collect$$libinit$$00000021)
    __rt_lib_init_cpp_1                      0x08000203   Thumb Code     0  libinit2.o(.ARM.Collect$$libinit$$00000032)
    __rt_lib_init_exceptions_1               0x08000203   Thumb Code     0  libinit2.o(.ARM.Collect$$libinit$$00000030)
    __rt_lib_init_fp_trap_1                  0x08000203   Thumb Code     0  libinit2.o(.ARM.Collect$$libinit$$0000001F)
    __rt_lib_init_getenv_1                   0x08000203   Thumb Code     0  libinit2.o(.ARM.Collect$$libinit$$00000023)
    __rt_lib_init_heap_1                     0x08000203   Thumb Code     0  libinit2.o(.ARM.Collect$$libinit$$0000000A)
    __rt_lib_init_lc_collate_1               0x08000203   Thumb Code     0  libinit2.o(.ARM.Collect$$libinit$$00000011)
    __rt_lib_init_lc_ctype_1                 0x08000203   Thumb Code     0  libinit2.o(.ARM.Collect$$libinit$$00000013)
    __rt_lib_init_lc_monetary_1              0x08000203   Thumb Code     0  libinit2.o(.ARM.Collect$$libinit$$00000015)
    __rt_lib_init_lc_numeric_1               0x08000203   Thumb Code     0  libinit2.o(.ARM.Collect$$libinit$$00000017)
    __rt_lib_init_lc_time_1                  0x08000203   Thumb Code     0  libinit2.o(.ARM.Collect$$libinit$$00000019)
    __rt_lib_init_preinit_1                  0x08000203   Thumb Code     0  libinit2.o(.ARM.Collect$$libinit$$00000004)
    __rt_lib_init_rand_1                     0x08000203   Thumb Code     0  libinit2.o(.ARM.Collect$$libinit$$0000000E)
    __rt_lib_init_return                     0x08000203   Thumb Code     0  libinit2.o(.ARM.Collect$$libinit$$00000033)
    __rt_lib_init_signal_1                   0x08000203   Thumb Code     0  libinit2.o(.ARM.Collect$$libinit$$0000001D)
    __rt_lib_init_stdio_1                    0x08000203   Thumb Code     0  libinit2.o(.ARM.Collect$$libinit$$00000025)
    __rt_lib_init_user_alloc_1               0x08000203   Thumb Code     0  libinit2.o(.ARM.Collect$$libinit$$0000000C)
    __rt_lib_shutdown                        0x08000205   Thumb Code     0  libshutdown.o(.ARM.Collect$$libshutdown$$00000000)
    __rt_lib_shutdown_cpp_1                  0x08000207   Thumb Code     0  libshutdown2.o(.ARM.Collect$$libshutdown$$00000002)
    __rt_lib_shutdown_fp_trap_1              0x08000207   Thumb Code     0  libshutdown2.o(.ARM.Collect$$libshutdown$$00000007)
    __rt_lib_shutdown_heap_1                 0x08000207   Thumb Code     0  libshutdown2.o(.ARM.Collect$$libshutdown$$0000000F)
    __rt_lib_shutdown_return                 0x08000207   Thumb Code     0  libshutdown2.o(.ARM.Collect$$libshutdown$$00000010)
    __rt_lib_shutdown_signal_1               0x08000207   Thumb Code     0  libshutdown2.o(.ARM.Collect$$libshutdown$$0000000A)
    __rt_lib_shutdown_stdio_1                0x08000207   Thumb Code     0  libshutdown2.o(.ARM.Collect$$libshutdown$$00000004)
    __rt_lib_shutdown_user_alloc_1           0x08000207   Thumb Code     0  libshutdown2.o(.ARM.Collect$$libshutdown$$0000000C)
    __rt_entry                               0x08000209   Thumb Code     0  __rtentry.o(.ARM.Collect$$rtentry$$00000000)
    __rt_entry_presh_1                       0x08000209   Thumb Code     0  __rtentry2.o(.ARM.Collect$$rtentry$$00000002)
    __rt_entry_sh                            0x08000209   Thumb Code     0  __rtentry4.o(.ARM.Collect$$rtentry$$00000004)
    __rt_entry_li                            0x0800020f   Thumb Code     0  __rtentry2.o(.ARM.Collect$$rtentry$$0000000A)
    __rt_entry_postsh_1                      0x0800020f   Thumb Code     0  __rtentry2.o(.ARM.Collect$$rtentry$$00000009)
    __rt_entry_main                          0x08000213   Thumb Code     0  __rtentry2.o(.ARM.Collect$$rtentry$$0000000D)
    __rt_entry_postli_1                      0x08000213   Thumb Code     0  __rtentry2.o(.ARM.Collect$$rtentry$$0000000C)
    __rt_exit                                0x0800021b   Thumb Code     0  rtexit.o(.ARM.Collect$$rtexit$$00000000)
    __rt_exit_ls                             0x0800021d   Thumb Code     0  rtexit2.o(.ARM.Collect$$rtexit$$00000003)
    __rt_exit_prels_1                        0x0800021d   Thumb Code     0  rtexit2.o(.ARM.Collect$$rtexit$$00000002)
    __rt_exit_exit                           0x08000221   Thumb Code     0  rtexit2.o(.ARM.Collect$$rtexit$$00000004)
    Reset_Handler                            0x08000229   Thumb Code     8  startup_stm32f40_41xxx.o(.text)
    ADC_IRQHandler                           0x08000243   Thumb Code     0  startup_stm32f40_41xxx.o(.text)
    CAN1_RX1_IRQHandler                      0x08000243   Thumb Code     0  startup_stm32f40_41xxx.o(.text)
    CAN1_SCE_IRQHandler                      0x08000243   Thumb Code     0  startup_stm32f40_41xxx.o(.text)
    CAN1_TX_IRQHandler                       0x08000243   Thumb Code     0  startup_stm32f40_41xxx.o(.text)
    CAN2_RX0_IRQHandler                      0x08000243   Thumb Code     0  startup_stm32f40_41xxx.o(.text)
    CAN2_RX1_IRQHandler                      0x08000243   Thumb Code     0  startup_stm32f40_41xxx.o(.text)
    CAN2_SCE_IRQHandler                      0x08000243   Thumb Code     0  startup_stm32f40_41xxx.o(.text)
    CAN2_TX_IRQHandler                       0x08000243   Thumb Code     0  startup_stm32f40_41xxx.o(.text)
    CRYP_IRQHandler                          0x08000243   Thumb Code     0  startup_stm32f40_41xxx.o(.text)
    DCMI_IRQHandler                          0x08000243   Thumb Code     0  startup_stm32f40_41xxx.o(.text)
    DMA1_Stream0_IRQHandler                  0x08000243   Thumb Code     0  startup_stm32f40_41xxx.o(.text)
    DMA1_Stream1_IRQHandler                  0x08000243   Thumb Code     0  startup_stm32f40_41xxx.o(.text)
    DMA1_Stream2_IRQHandler                  0x08000243   Thumb Code     0  startup_stm32f40_41xxx.o(.text)
    DMA1_Stream3_IRQHandler                  0x08000243   Thumb Code     0  startup_stm32f40_41xxx.o(.text)
    DMA1_Stream4_IRQHandler                  0x08000243   Thumb Code     0  startup_stm32f40_41xxx.o(.text)
    DMA1_Stream5_IRQHandler                  0x08000243   Thumb Code     0  startup_stm32f40_41xxx.o(.text)
    DMA1_Stream6_IRQHandler                  0x08000243   Thumb Code     0  startup_stm32f40_41xxx.o(.text)
    DMA1_Stream7_IRQHandler                  0x08000243   Thumb Code     0  startup_stm32f40_41xxx.o(.text)
    DMA2_Stream0_IRQHandler                  0x08000243   Thumb Code     0  startup_stm32f40_41xxx.o(.text)
    DMA2_Stream1_IRQHandler                  0x08000243   Thumb Code     0  startup_stm32f40_41xxx.o(.text)
    DMA2_Stream2_IRQHandler                  0x08000243   Thumb Code     0  startup_stm32f40_41xxx.o(.text)
    DMA2_Stream3_IRQHandler                  0x08000243   Thumb Code     0  startup_stm32f40_41xxx.o(.text)
    DMA2_Stream4_IRQHandler                  0x08000243   Thumb Code     0  startup_stm32f40_41xxx.o(.text)
    DMA2_Stream5_IRQHandler                  0x08000243   Thumb Code     0  startup_stm32f40_41xxx.o(.text)
    DMA2_Stream6_IRQHandler                  0x08000243   Thumb Code     0  startup_stm32f40_41xxx.o(.text)
    DMA2_Stream7_IRQHandler                  0x08000243   Thumb Code     0  startup_stm32f40_41xxx.o(.text)
    ETH_IRQHandler                           0x08000243   Thumb Code     0  startup_stm32f40_41xxx.o(.text)
    ETH_WKUP_IRQHandler                      0x08000243   Thumb Code     0  startup_stm32f40_41xxx.o(.text)
    EXTI0_IRQHandler                         0x08000243   Thumb Code     0  startup_stm32f40_41xxx.o(.text)
    EXTI15_10_IRQHandler                     0x08000243   Thumb Code     0  startup_stm32f40_41xxx.o(.text)
    EXTI1_IRQHandler                         0x08000243   Thumb Code     0  startup_stm32f40_41xxx.o(.text)
    EXTI2_IRQHandler                         0x08000243   Thumb Code     0  startup_stm32f40_41xxx.o(.text)
    EXTI3_IRQHandler                         0x08000243   Thumb Code     0  startup_stm32f40_41xxx.o(.text)
    EXTI4_IRQHandler                         0x08000243   Thumb Code     0  startup_stm32f40_41xxx.o(.text)
    EXTI9_5_IRQHandler                       0x08000243   Thumb Code     0  startup_stm32f40_41xxx.o(.text)
    FLASH_IRQHandler                         0x08000243   Thumb Code     0  startup_stm32f40_41xxx.o(.text)
    FPU_IRQHandler                           0x08000243   Thumb Code     0  startup_stm32f40_41xxx.o(.text)
    FSMC_IRQHandler                          0x08000243   Thumb Code     0  startup_stm32f40_41xxx.o(.text)
    HASH_RNG_IRQHandler                      0x08000243   Thumb Code     0  startup_stm32f40_41xxx.o(.text)
    I2C1_ER_IRQHandler                       0x08000243   Thumb Code     0  startup_stm32f40_41xxx.o(.text)
    I2C1_EV_IRQHandler                       0x08000243   Thumb Code     0  startup_stm32f40_41xxx.o(.text)
    I2C2_ER_IRQHandler                       0x08000243   Thumb Code     0  startup_stm32f40_41xxx.o(.text)
    I2C2_EV_IRQHandler                       0x08000243   Thumb Code     0  startup_stm32f40_41xxx.o(.text)
    I2C3_ER_IRQHandler                       0x08000243   Thumb Code     0  startup_stm32f40_41xxx.o(.text)
    I2C3_EV_IRQHandler                       0x08000243   Thumb Code     0  startup_stm32f40_41xxx.o(.text)
    OTG_FS_IRQHandler                        0x08000243   Thumb Code     0  startup_stm32f40_41xxx.o(.text)
    OTG_FS_WKUP_IRQHandler                   0x08000243   Thumb Code     0  startup_stm32f40_41xxx.o(.text)
    OTG_HS_EP1_IN_IRQHandler                 0x08000243   Thumb Code     0  startup_stm32f40_41xxx.o(.text)
    OTG_HS_EP1_OUT_IRQHandler                0x08000243   Thumb Code     0  startup_stm32f40_41xxx.o(.text)
    OTG_HS_IRQHandler                        0x08000243   Thumb Code     0  startup_stm32f40_41xxx.o(.text)
    OTG_HS_WKUP_IRQHandler                   0x08000243   Thumb Code     0  startup_stm32f40_41xxx.o(.text)
    PVD_IRQHandler                           0x08000243   Thumb Code     0  startup_stm32f40_41xxx.o(.text)
    RCC_IRQHandler                           0x08000243   Thumb Code     0  startup_stm32f40_41xxx.o(.text)
    RTC_Alarm_IRQHandler                     0x08000243   Thumb Code     0  startup_stm32f40_41xxx.o(.text)
    RTC_WKUP_IRQHandler                      0x08000243   Thumb Code     0  startup_stm32f40_41xxx.o(.text)
    SDIO_IRQHandler                          0x08000243   Thumb Code     0  startup_stm32f40_41xxx.o(.text)
    SPI1_IRQHandler                          0x08000243   Thumb Code     0  startup_stm32f40_41xxx.o(.text)
    SPI2_IRQHandler                          0x08000243   Thumb Code     0  startup_stm32f40_41xxx.o(.text)
    SPI3_IRQHandler                          0x08000243   Thumb Code     0  startup_stm32f40_41xxx.o(.text)
    TAMP_STAMP_IRQHandler                    0x08000243   Thumb Code     0  startup_stm32f40_41xxx.o(.text)
    TIM1_BRK_TIM9_IRQHandler                 0x08000243   Thumb Code     0  startup_stm32f40_41xxx.o(.text)
    TIM1_CC_IRQHandler                       0x08000243   Thumb Code     0  startup_stm32f40_41xxx.o(.text)
    TIM1_TRG_COM_TIM11_IRQHandler            0x08000243   Thumb Code     0  startup_stm32f40_41xxx.o(.text)
    TIM1_UP_TIM10_IRQHandler                 0x08000243   Thumb Code     0  startup_stm32f40_41xxx.o(.text)
    TIM3_IRQHandler                          0x08000243   Thumb Code     0  startup_stm32f40_41xxx.o(.text)
    TIM5_IRQHandler                          0x08000243   Thumb Code     0  startup_stm32f40_41xxx.o(.text)
    TIM6_DAC_IRQHandler                      0x08000243   Thumb Code     0  startup_stm32f40_41xxx.o(.text)
    TIM7_IRQHandler                          0x08000243   Thumb Code     0  startup_stm32f40_41xxx.o(.text)
    TIM8_BRK_TIM12_IRQHandler                0x08000243   Thumb Code     0  startup_stm32f40_41xxx.o(.text)
    TIM8_CC_IRQHandler                       0x08000243   Thumb Code     0  startup_stm32f40_41xxx.o(.text)
    TIM8_TRG_COM_TIM14_IRQHandler            0x08000243   Thumb Code     0  startup_stm32f40_41xxx.o(.text)
    TIM8_UP_TIM13_IRQHandler                 0x08000243   Thumb Code     0  startup_stm32f40_41xxx.o(.text)
    UART4_IRQHandler                         0x08000243   Thumb Code     0  startup_stm32f40_41xxx.o(.text)
    UART5_IRQHandler                         0x08000243   Thumb Code     0  startup_stm32f40_41xxx.o(.text)
    USART3_IRQHandler                        0x08000243   Thumb Code     0  startup_stm32f40_41xxx.o(.text)
    WWDG_IRQHandler                          0x08000243   Thumb Code     0  startup_stm32f40_41xxx.o(.text)
    __user_initial_stackheap                 0x08000245   Thumb Code     0  startup_stm32f40_41xxx.o(.text)
    __aeabi_memcpy                           0x08000269   Thumb Code     0  rt_memcpy_v6.o(.text)
    __rt_memcpy                              0x08000269   Thumb Code   138  rt_memcpy_v6.o(.text)
    _memcpy_lastbytes                        0x080002cf   Thumb Code     0  rt_memcpy_v6.o(.text)
    __aeabi_memclr4                          0x080002f3   Thumb Code     0  rt_memclr_w.o(.text)
    __aeabi_memclr8                          0x080002f3   Thumb Code     0  rt_memclr_w.o(.text)
    __rt_memclr_w                            0x080002f3   Thumb Code    78  rt_memclr_w.o(.text)
    _memset_w                                0x080002f7   Thumb Code     0  rt_memclr_w.o(.text)
    __use_two_region_memory                  0x08000341   Thumb Code     2  heapauxi.o(.text)
    __rt_heap_escrow$2region                 0x08000343   Thumb Code     2  heapauxi.o(.text)
    __rt_heap_expand$2region                 0x08000345   Thumb Code     2  heapauxi.o(.text)
    __aeabi_memcpy4                          0x08000347   Thumb Code     0  rt_memcpy_w.o(.text)
    __aeabi_memcpy8                          0x08000347   Thumb Code     0  rt_memcpy_w.o(.text)
    __rt_memcpy_w                            0x08000347   Thumb Code   100  rt_memcpy_w.o(.text)
    _memcpy_lastbytes_aligned                0x0800038f   Thumb Code     0  rt_memcpy_w.o(.text)
    __user_setup_stackheap                   0x080003ab   Thumb Code    74  sys_stackheap_outer.o(.text)
    exit                                     0x080003f5   Thumb Code    18  exit.o(.text)
    __user_libspace                          0x08000409   Thumb Code     8  libspace.o(.text)
    __user_perproc_libspace                  0x08000409   Thumb Code     0  libspace.o(.text)
    __user_perthread_libspace                0x08000409   Thumb Code     0  libspace.o(.text)
    _sys_exit                                0x08000411   Thumb Code     8  sys_exit.o(.text)
    __I$use$semihosting                      0x0800041d   Thumb Code     0  use_no_semi.o(.text)
    __use_no_semihosting_swi                 0x0800041d   Thumb Code     2  use_no_semi.o(.text)
    __semihosting_library_function           0x0800041f   Thumb Code     0  indicate_semi.o(.text)
    AutoCtrlDataProcess                      0x08000421   Thumb Code   142  remote_task.o(i.AutoCtrlDataProcess)
    Automatic_chassis_control                0x080004bd   Thumb Code   460  chassis_task.o(i.Automatic_chassis_control)
    BusFault_Handler                         0x080006d1   Thumb Code     4  stm32f4xx_it.o(i.BusFault_Handler)
    CAN1_RX0_IRQHandler                      0x080006d5   Thumb Code  1518  can1.o(i.CAN1_RX0_IRQHandler)
    CAN_ClearFlag                            0x08000ced   Thumb Code    52  stm32f4xx_can.o(i.CAN_ClearFlag)
    CAN_ClearITPendingBit                    0x08000d25   Thumb Code   162  stm32f4xx_can.o(i.CAN_ClearITPendingBit)
    CAN_FilterInit                           0x08000dcd   Thumb Code   258  stm32f4xx_can.o(i.CAN_FilterInit)
    CAN_GetITStatus                          0x08000ed5   Thumb Code   284  stm32f4xx_can.o(i.CAN_GetITStatus)
    CAN_ITConfig                             0x08000ff5   Thumb Code    18  stm32f4xx_can.o(i.CAN_ITConfig)
    CAN_Init                                 0x08001007   Thumb Code   276  stm32f4xx_can.o(i.CAN_Init)
    CAN_Receive                              0x0800111b   Thumb Code   240  stm32f4xx_can.o(i.CAN_Receive)
    CAN_Transmit                             0x0800120b   Thumb Code   294  stm32f4xx_can.o(i.CAN_Transmit)
    Can1_Configuration                       0x08001331   Thumb Code   244  can1.o(i.Can1_Configuration)
    DMA_ClearFlag                            0x08001441   Thumb Code    38  stm32f4xx_dma.o(i.DMA_ClearFlag)
    DMA_Cmd                                  0x08001475   Thumb Code    22  stm32f4xx_dma.o(i.DMA_Cmd)
    DMA_DeInit                               0x0800148d   Thumb Code   324  stm32f4xx_dma.o(i.DMA_DeInit)
    DMA_DoubleBufferModeCmd                  0x080015e5   Thumb Code    22  stm32f4xx_dma.o(i.DMA_DoubleBufferModeCmd)
    DMA_DoubleBufferModeConfig               0x080015fb   Thumb Code    24  stm32f4xx_dma.o(i.DMA_DoubleBufferModeConfig)
    DMA_GetCurrDataCounter                   0x08001613   Thumb Code     8  stm32f4xx_dma.o(i.DMA_GetCurrDataCounter)
    DMA_GetCurrentMemoryTarget               0x0800161b   Thumb Code    20  stm32f4xx_dma.o(i.DMA_GetCurrentMemoryTarget)
    DMA_Init                                 0x08001631   Thumb Code    82  stm32f4xx_dma.o(i.DMA_Init)
    DMA_SetCurrDataCounter                   0x08001689   Thumb Code     4  stm32f4xx_dma.o(i.DMA_SetCurrDataCounter)
    DMA_StructInit                           0x0800168d   Thumb Code    34  stm32f4xx_dma.o(i.DMA_StructInit)
    DebugMon_Handler                         0x080016af   Thumb Code     2  stm32f4xx_it.o(i.DebugMon_Handler)
    GPIO_Init                                0x080016b1   Thumb Code   144  stm32f4xx_gpio.o(i.GPIO_Init)
    GPIO_PinAFConfig                         0x08001741   Thumb Code    70  stm32f4xx_gpio.o(i.GPIO_PinAFConfig)
    GPIO_SetBits                             0x08001787   Thumb Code     4  stm32f4xx_gpio.o(i.GPIO_SetBits)
    GPIO_StructInit                          0x0800178b   Thumb Code    18  stm32f4xx_gpio.o(i.GPIO_StructInit)
    HardFault_Handler                        0x0800179d   Thumb Code     4  stm32f4xx_it.o(i.HardFault_Handler)
    ImuDataProcess                           0x080017a1   Thumb Code    66  imu_task.o(i.ImuDataProcess)
    MemManage_Handler                        0x080017ed   Thumb Code     4  stm32f4xx_it.o(i.MemManage_Handler)
    NMI_Handler                              0x080017f1   Thumb Code     2  stm32f4xx_it.o(i.NMI_Handler)
    NVIC_Init                                0x080017f5   Thumb Code   106  misc.o(i.NVIC_Init)
    PID_Calc                                 0x0800186d   Thumb Code   546  pid.o(i.PID_Calc)
    PID_Init                                 0x08001a8f   Thumb Code    14  pid.o(i.PID_Init)
    PID_InitALL                              0x08001a9d   Thumb Code   132  pid.o(i.PID_InitALL)
    PID_SetParam                             0x08001b59   Thumb Code    22  pid.o(i.PID_SetParam)
    PendSV_Handler                           0x08001b6f   Thumb Code     2  stm32f4xx_it.o(i.PendSV_Handler)
    RCC_AHB1PeriphClockCmd                   0x08001b71   Thumb Code    26  stm32f4xx_rcc.o(i.RCC_AHB1PeriphClockCmd)
    RCC_APB1PeriphClockCmd                   0x08001b91   Thumb Code    26  stm32f4xx_rcc.o(i.RCC_APB1PeriphClockCmd)
    RCC_APB1PeriphResetCmd                   0x08001bb1   Thumb Code    26  stm32f4xx_rcc.o(i.RCC_APB1PeriphResetCmd)
    RCC_APB2PeriphClockCmd                   0x08001bd1   Thumb Code    26  stm32f4xx_rcc.o(i.RCC_APB2PeriphClockCmd)
    RCC_APB2PeriphResetCmd                   0x08001bf1   Thumb Code    26  stm32f4xx_rcc.o(i.RCC_APB2PeriphResetCmd)
    RCC_GetClocksFreq                        0x08001c11   Thumb Code   214  stm32f4xx_rcc.o(i.RCC_GetClocksFreq)
    RemoteCtrlDataProcess                    0x08001cf9   Thumb Code   100  remote_task.o(i.RemoteCtrlDataProcess)
    SVC_Handler                              0x08001d61   Thumb Code     2  stm32f4xx_it.o(i.SVC_Handler)
    Send_motorvalue_CAN1_4                   0x08001d65   Thumb Code    94  can1.o(i.Send_motorvalue_CAN1_4)
    Stop_chassis_control                     0x08001ee9   Thumb Code    50  chassis_task.o(i.Stop_chassis_control)
    SysTick_Handler                          0x08001f3d   Thumb Code     2  stm32f4xx_it.o(i.SysTick_Handler)
    SystemInit                               0x08001f41   Thumb Code    88  system_stm32f4xx.o(i.SystemInit)
    TIM2_IRQHandler                          0x08001fa9   Thumb Code    26  callback.o(i.TIM2_IRQHandler)
    TIM4_IRQHandler                          0x08001fc5   Thumb Code    26  callback.o(i.TIM4_IRQHandler)
    TIM_ARRPreloadConfig                     0x08001fe5   Thumb Code    24  stm32f4xx_tim.o(i.TIM_ARRPreloadConfig)
    TIM_ClearFlag                            0x08001ffd   Thumb Code     6  stm32f4xx_tim.o(i.TIM_ClearFlag)
    TIM_Cmd                                  0x08002003   Thumb Code    24  stm32f4xx_tim.o(i.TIM_Cmd)
    TIM_GetITStatus                          0x0800201b   Thumb Code    34  stm32f4xx_tim.o(i.TIM_GetITStatus)
    TIM_ITConfig                             0x0800203d   Thumb Code    18  stm32f4xx_tim.o(i.TIM_ITConfig)
    TIM_TimeBaseInit                         0x08002051   Thumb Code   104  stm32f4xx_tim.o(i.TIM_TimeBaseInit)
    Tim2_config                              0x080020d5   Thumb Code   110  timer.o(i.Tim2_config)
    Tim4_config                              0x08002145   Thumb Code   106  timer.o(i.Tim4_config)
    USART1_IRQHandler                        0x080021b5   Thumb Code   152  callback.o(i.USART1_IRQHandler)
    USART2_IRQHandler                        0x08002259   Thumb Code    96  callback.o(i.USART2_IRQHandler)
    USART6_IRQHandler                        0x080022c9   Thumb Code    80  callback.o(i.USART6_IRQHandler)
    USART_Cmd                                0x08002329   Thumb Code    24  stm32f4xx_usart.o(i.USART_Cmd)
    USART_DMACmd                             0x08002341   Thumb Code    18  stm32f4xx_usart.o(i.USART_DMACmd)
    USART_DeInit                             0x08002355   Thumb Code   206  stm32f4xx_usart.o(i.USART_DeInit)
    USART_GetFlagStatus                      0x08002445   Thumb Code    26  stm32f4xx_usart.o(i.USART_GetFlagStatus)
    USART_GetITStatus                        0x0800245f   Thumb Code    84  stm32f4xx_usart.o(i.USART_GetITStatus)
    USART_ITConfig                           0x080024b3   Thumb Code    74  stm32f4xx_usart.o(i.USART_ITConfig)
    USART_Init                               0x080024fd   Thumb Code   204  stm32f4xx_usart.o(i.USART_Init)
    USART_SendData                           0x080025d1   Thumb Code     8  stm32f4xx_usart.o(i.USART_SendData)
    USART_StructInit                         0x080025d9   Thumb Code    24  stm32f4xx_usart.o(i.USART_StructInit)
    UsageFault_Handler                       0x080025f1   Thumb Code     4  stm32f4xx_it.o(i.UsageFault_Handler)
    chassis_task                             0x080025f5   Thumb Code    50  chassis_task.o(i.chassis_task)
    delay_ms                                 0x0800262d   Thumb Code    28  delay.o(i.delay_ms)
    imu_task                                 0x08002649   Thumb Code   638  imu_task.o(i.imu_task)
    led_config                               0x0800292d   Thumb Code   104  led.o(i.led_config)
    main                                     0x0800299d   Thumb Code    60  main.o(i.main)
    remote_chassis_control_mode              0x080029e5   Thumb Code   496  chassis_task.o(i.remote_chassis_control_mode)
    send_imu_data                            0x08002c21   Thumb Code    90  imu_task.o(i.send_imu_data)
    usart1_config                            0x08002c91   Thumb Code   310  usart1.o(i.usart1_config)
    usart2_config                            0x08002dd9   Thumb Code   294  usart2.o(i.usart2_config)
    usart6_config                            0x08002f11   Thumb Code   292  usart6.o(i.usart6_config)
    __aeabi_dneg                             0x08003045   Thumb Code     0  basic.o(x$fpl$basic)
    _dneg                                    0x08003045   Thumb Code     6  basic.o(x$fpl$basic)
    __aeabi_fneg                             0x0800304b   Thumb Code     0  basic.o(x$fpl$basic)
    _fneg                                    0x0800304b   Thumb Code     6  basic.o(x$fpl$basic)
    _dabs                                    0x08003051   Thumb Code     6  basic.o(x$fpl$basic)
    _fabs                                    0x08003057   Thumb Code     6  basic.o(x$fpl$basic)
    __aeabi_d2f                              0x0800305d   Thumb Code     0  d2f.o(x$fpl$d2f)
    _d2f                                     0x0800305d   Thumb Code    98  d2f.o(x$fpl$d2f)
    __aeabi_dadd                             0x080030c1   Thumb Code     0  daddsub_clz.o(x$fpl$dadd)
    _dadd                                    0x080030c1   Thumb Code   332  daddsub_clz.o(x$fpl$dadd)
    __fpl_dcmp_Inf                           0x08003211   Thumb Code    24  dcmpi.o(x$fpl$dcmpinf)
    __aeabi_ddiv                             0x08003229   Thumb Code     0  ddiv.o(x$fpl$ddiv)
    _ddiv                                    0x08003229   Thumb Code   552  ddiv.o(x$fpl$ddiv)
    __aeabi_i2d                              0x080034d9   Thumb Code     0  dflt_clz.o(x$fpl$dflt)
    _dflt                                    0x080034d9   Thumb Code    46  dflt_clz.o(x$fpl$dflt)
    __aeabi_cdcmple                          0x08003509   Thumb Code     0  dleqf.o(x$fpl$dleqf)
    _dcmple                                  0x08003509   Thumb Code   120  dleqf.o(x$fpl$dleqf)
    __fpl_dcmple_InfNaN                      0x0800356b   Thumb Code     0  dleqf.o(x$fpl$dleqf)
    __aeabi_dmul                             0x08003581   Thumb Code     0  dmul.o(x$fpl$dmul)
    _dmul                                    0x08003581   Thumb Code   332  dmul.o(x$fpl$dmul)
    __fpl_dnaninf                            0x080036d5   Thumb Code   156  dnaninf.o(x$fpl$dnaninf)
    __fpl_dretinf                            0x08003771   Thumb Code    12  dretinf.o(x$fpl$dretinf)
    __aeabi_cdrcmple                         0x0800377d   Thumb Code     0  drleqf.o(x$fpl$drleqf)
    _drcmple                                 0x0800377d   Thumb Code   108  drleqf.o(x$fpl$drleqf)
    __aeabi_dsub                             0x080037e9   Thumb Code     0  daddsub_clz.o(x$fpl$dsub)
    _dsub                                    0x080037e9   Thumb Code   464  daddsub_clz.o(x$fpl$dsub)
    __aeabi_f2d                              0x080039bd   Thumb Code     0  f2d.o(x$fpl$f2d)
    _f2d                                     0x080039bd   Thumb Code    86  f2d.o(x$fpl$f2d)
    __fpl_fnaninf                            0x08003a13   Thumb Code   140  fnaninf.o(x$fpl$fnaninf)
    _fp_init                                 0x08003a9f   Thumb Code    10  fpinit.o(x$fpl$fpinit)
    __fplib_config_fpu_vfp                   0x08003aa7   Thumb Code     0  fpinit.o(x$fpl$fpinit)
    __fplib_config_pureend_doubles           0x08003aa7   Thumb Code     0  fpinit.o(x$fpl$fpinit)
    __fpl_fretinf                            0x08003aa9   Thumb Code    10  fretinf.o(x$fpl$fretinf)
    __I$use$fp                               0x08003ab2   Number         0  usenofp.o(x$fpl$usenofp)
    Region$$Table$$Base                      0x08003ab4   Number         0  anon$$obj.o(Region$$Table)
    Region$$Table$$Limit                     0x08003ad4   Number         0  anon$$obj.o(Region$$Table)
    startcan1_flag_cnt                       0x20000000   Data           4  can1.o(.data)
    chassismotor_cnt1                        0x20000004   Data           4  can1.o(.data)
    chassismotor_cnt2                        0x20000008   Data           4  can1.o(.data)
    chassismotor_cnt3                        0x2000000c   Data           4  can1.o(.data)
    chassismotor_cnt4                        0x20000010   Data           4  can1.o(.data)
    chassis_Motor_M1                         0x20000014   Data           8  can1.o(.data)
    chassis_Motor_M2                         0x2000001c   Data           8  can1.o(.data)
    chassis_Motor_M3                         0x20000024   Data           8  can1.o(.data)
    chassis_Motor_M4                         0x2000002c   Data           8  can1.o(.data)
    chassis_Motor_M1ofset                    0x20000034   Data           2  can1.o(.data)
    chassis_Motor_M2ofset                    0x20000036   Data           2  can1.o(.data)
    chassis_Motor_M3ofset                    0x20000038   Data           2  can1.o(.data)
    chassis_Motor_M4ofset                    0x2000003a   Data           2  can1.o(.data)
    chassis_Motor_M1_last                    0x2000003c   Data           2  can1.o(.data)
    chassis_Motor_M2_last                    0x2000003e   Data           2  can1.o(.data)
    chassis_Motor_M3_last                    0x20000040   Data           2  can1.o(.data)
    chassis_Motor_M4_last                    0x20000042   Data           2  can1.o(.data)
    chassis_Motor_M1_cnt                     0x20000044   Data           2  can1.o(.data)
    chassis_Motor_M2_cnt                     0x20000046   Data           2  can1.o(.data)
    chassis_Motor_M3_cnt                     0x20000048   Data           2  can1.o(.data)
    chassis_Motor_M4_cnt                     0x2000004a   Data           2  can1.o(.data)
    chassis_Motor1_loco                      0x2000004c   Data           4  can1.o(.data)
    chassis_Motor2_loco                      0x20000050   Data           4  can1.o(.data)
    chassis_Motor3_loco                      0x20000054   Data           4  can1.o(.data)
    chassis_Motor4_loco                      0x20000058   Data           4  can1.o(.data)
    AutoCtrlData                             0x2000006c   Data           6  remote_task.o(.data)
    rc_ch0_value                             0x20000074   Data           4  chassis_task.o(.data)
    rc_ch1_value                             0x20000078   Data           4  chassis_task.o(.data)
    rc_ch2_value                             0x2000007c   Data           4  chassis_task.o(.data)
    rc_ch3_value                             0x20000080   Data           4  chassis_task.o(.data)
    chassis_Motor_M1_set                     0x20000084   Data           2  chassis_task.o(.data)
    chassis_Motor_M2_set                     0x20000086   Data           2  chassis_task.o(.data)
    chassis_Motor_M3_set                     0x20000088   Data           2  chassis_task.o(.data)
    chassis_Motor_M4_set                     0x2000008a   Data           2  chassis_task.o(.data)
    gps_data                                 0x2000008c   Data           8  imu_task.o(.data)
    odom_data                                0x20000094   Data           8  imu_task.o(.data)
    usart1_rx_buf                            0x2000009c   Data         256  usart1.o(.bss)
    usart2_rx_buf                            0x2000019c   Data         128  usart2.o(.bss)
    usart2_tx_buf                            0x2000021c   Data         128  usart2.o(.bss)
    chassis_Motor_M1_buf                     0x2000029c   Data          20  can1.o(.bss)
    chassis_Motor_M2_buf                     0x200002b0   Data          20  can1.o(.bss)
    chassis_Motor_M3_buf                     0x200002c4   Data          20  can1.o(.bss)
    chassis_Motor_M4_buf                     0x200002d8   Data          20  can1.o(.bss)
    usart6_rx_buf                            0x200002ec   Data         128  usart6.o(.bss)
    usart6_tx_buf                            0x2000036c   Data         128  usart6.o(.bss)
    chassismotor_1                           0x200003f0   Data          88  pid.o(.bss)
    chassismotor_2                           0x20000448   Data          88  pid.o(.bss)
    chassismotor_3                           0x200004a0   Data          88  pid.o(.bss)
    chassismotor_4                           0x200004f8   Data          88  pid.o(.bss)
    yawmotor_speed_remote                    0x20000550   Data          88  pid.o(.bss)
    pitchmotor_speed_remote                  0x200005a8   Data          88  pid.o(.bss)
    yawmotor_remote                          0x20000600   Data          88  pid.o(.bss)
    pitchmotor_remote                        0x20000658   Data          88  pid.o(.bss)
    yawmotor_auto                            0x200006b0   Data          88  pid.o(.bss)
    pitchmotor_speed_auto                    0x20000708   Data          88  pid.o(.bss)
    yawmotor_speed_auto                      0x20000760   Data          88  pid.o(.bss)
    pitchmotor_auto                          0x200007b8   Data          88  pid.o(.bss)
    triggermotor                             0x20000810   Data          88  pid.o(.bss)
    RemoteCtrlData                           0x20000868   Data          12  remote_task.o(.bss)
    imu_data                                 0x20000874   Data          24  imu_task.o(.bss)
    __libspace_start                         0x2000088c   Data          96  libspace.o(.bss)
    __temporary_stack_top$libspace           0x200008ec   Data           0  libspace.o(.bss)



==============================================================================

Memory Map of the image

  Image Entry point : 0x08000189

  Load Region LR_IROM1 (Base: 0x08000000, Size: 0x00003b70, Max: 0x00200000, ABSOLUTE)

    Execution Region ER_IROM1 (Exec base: 0x08000000, Load base: 0x08000000, Size: 0x00003ad4, Max: 0x00200000, ABSOLUTE)

    Exec Addr    Load Addr    Size         Type   Attr      Idx    E Section Name        Object

    0x08000000   0x08000000   0x00000188   Data   RO          626    RESET               startup_stm32f40_41xxx.o
    0x08000188   0x08000188   0x00000008   Code   RO         3463  * !!!main             c_w.l(__main.o)
    0x08000190   0x08000190   0x00000034   Code   RO         3661    !!!scatter          c_w.l(__scatter.o)
    0x080001c4   0x080001c4   0x0000001a   Code   RO         3663    !!handler_copy      c_w.l(__scatter_copy.o)
    0x080001de   0x080001de   0x00000002   PAD
    0x080001e0   0x080001e0   0x0000001c   Code   RO         3665    !!handler_zi        c_w.l(__scatter_zi.o)
    0x080001fc   0x080001fc   0x00000002   Code   RO         3531    .ARM.Collect$$libinit$$00000000  c_w.l(libinit.o)
    0x080001fe   0x080001fe   0x00000004   Code   RO         3537    .ARM.Collect$$libinit$$00000001  c_w.l(libinit2.o)
    0x08000202   0x08000202   0x00000000   Code   RO         3540    .ARM.Collect$$libinit$$00000004  c_w.l(libinit2.o)
    0x08000202   0x08000202   0x00000000   Code   RO         3543    .ARM.Collect$$libinit$$0000000A  c_w.l(libinit2.o)
    0x08000202   0x08000202   0x00000000   Code   RO         3545    .ARM.Collect$$libinit$$0000000C  c_w.l(libinit2.o)
    0x08000202   0x08000202   0x00000000   Code   RO         3547    .ARM.Collect$$libinit$$0000000E  c_w.l(libinit2.o)
    0x08000202   0x08000202   0x00000000   Code   RO         3550    .ARM.Collect$$libinit$$00000011  c_w.l(libinit2.o)
    0x08000202   0x08000202   0x00000000   Code   RO         3552    .ARM.Collect$$libinit$$00000013  c_w.l(libinit2.o)
    0x08000202   0x08000202   0x00000000   Code   RO         3554    .ARM.Collect$$libinit$$00000015  c_w.l(libinit2.o)
    0x08000202   0x08000202   0x00000000   Code   RO         3556    .ARM.Collect$$libinit$$00000017  c_w.l(libinit2.o)
    0x08000202   0x08000202   0x00000000   Code   RO         3558    .ARM.Collect$$libinit$$00000019  c_w.l(libinit2.o)
    0x08000202   0x08000202   0x00000000   Code   RO         3560    .ARM.Collect$$libinit$$0000001B  c_w.l(libinit2.o)
    0x08000202   0x08000202   0x00000000   Code   RO         3562    .ARM.Collect$$libinit$$0000001D  c_w.l(libinit2.o)
    0x08000202   0x08000202   0x00000000   Code   RO         3564    .ARM.Collect$$libinit$$0000001F  c_w.l(libinit2.o)
    0x08000202   0x08000202   0x00000000   Code   RO         3566    .ARM.Collect$$libinit$$00000021  c_w.l(libinit2.o)
    0x08000202   0x08000202   0x00000000   Code   RO         3568    .ARM.Collect$$libinit$$00000023  c_w.l(libinit2.o)
    0x08000202   0x08000202   0x00000000   Code   RO         3570    .ARM.Collect$$libinit$$00000025  c_w.l(libinit2.o)
    0x08000202   0x08000202   0x00000000   Code   RO         3574    .ARM.Collect$$libinit$$0000002C  c_w.l(libinit2.o)
    0x08000202   0x08000202   0x00000000   Code   RO         3576    .ARM.Collect$$libinit$$0000002E  c_w.l(libinit2.o)
    0x08000202   0x08000202   0x00000000   Code   RO         3578    .ARM.Collect$$libinit$$00000030  c_w.l(libinit2.o)
    0x08000202   0x08000202   0x00000000   Code   RO         3580    .ARM.Collect$$libinit$$00000032  c_w.l(libinit2.o)
    0x08000202   0x08000202   0x00000002   Code   RO         3581    .ARM.Collect$$libinit$$00000033  c_w.l(libinit2.o)
    0x08000204   0x08000204   0x00000002   Code   RO         3601    .ARM.Collect$$libshutdown$$00000000  c_w.l(libshutdown.o)
    0x08000206   0x08000206   0x00000000   Code   RO         3614    .ARM.Collect$$libshutdown$$00000002  c_w.l(libshutdown2.o)
    0x08000206   0x08000206   0x00000000   Code   RO         3616    .ARM.Collect$$libshutdown$$00000004  c_w.l(libshutdown2.o)
    0x08000206   0x08000206   0x00000000   Code   RO         3619    .ARM.Collect$$libshutdown$$00000007  c_w.l(libshutdown2.o)
    0x08000206   0x08000206   0x00000000   Code   RO         3622    .ARM.Collect$$libshutdown$$0000000A  c_w.l(libshutdown2.o)
    0x08000206   0x08000206   0x00000000   Code   RO         3624    .ARM.Collect$$libshutdown$$0000000C  c_w.l(libshutdown2.o)
    0x08000206   0x08000206   0x00000000   Code   RO         3627    .ARM.Collect$$libshutdown$$0000000F  c_w.l(libshutdown2.o)
    0x08000206   0x08000206   0x00000002   Code   RO         3628    .ARM.Collect$$libshutdown$$00000010  c_w.l(libshutdown2.o)
    0x08000208   0x08000208   0x00000000   Code   RO         3491    .ARM.Collect$$rtentry$$00000000  c_w.l(__rtentry.o)
    0x08000208   0x08000208   0x00000000   Code   RO         3506    .ARM.Collect$$rtentry$$00000002  c_w.l(__rtentry2.o)
    0x08000208   0x08000208   0x00000006   Code   RO         3518    .ARM.Collect$$rtentry$$00000004  c_w.l(__rtentry4.o)
    0x0800020e   0x0800020e   0x00000000   Code   RO         3508    .ARM.Collect$$rtentry$$00000009  c_w.l(__rtentry2.o)
    0x0800020e   0x0800020e   0x00000004   Code   RO         3509    .ARM.Collect$$rtentry$$0000000A  c_w.l(__rtentry2.o)
    0x08000212   0x08000212   0x00000000   Code   RO         3511    .ARM.Collect$$rtentry$$0000000C  c_w.l(__rtentry2.o)
    0x08000212   0x08000212   0x00000008   Code   RO         3512    .ARM.Collect$$rtentry$$0000000D  c_w.l(__rtentry2.o)
    0x0800021a   0x0800021a   0x00000002   Code   RO         3535    .ARM.Collect$$rtexit$$00000000  c_w.l(rtexit.o)
    0x0800021c   0x0800021c   0x00000000   Code   RO         3583    .ARM.Collect$$rtexit$$00000002  c_w.l(rtexit2.o)
    0x0800021c   0x0800021c   0x00000004   Code   RO         3584    .ARM.Collect$$rtexit$$00000003  c_w.l(rtexit2.o)
    0x08000220   0x08000220   0x00000006   Code   RO         3585    .ARM.Collect$$rtexit$$00000004  c_w.l(rtexit2.o)
    0x08000226   0x08000226   0x00000002   PAD
    0x08000228   0x08000228   0x00000040   Code   RO          627    .text               startup_stm32f40_41xxx.o
    0x08000268   0x08000268   0x0000008a   Code   RO         3457    .text               c_w.l(rt_memcpy_v6.o)
    0x080002f2   0x080002f2   0x0000004e   Code   RO         3459    .text               c_w.l(rt_memclr_w.o)
    0x08000340   0x08000340   0x00000006   Code   RO         3461    .text               c_w.l(heapauxi.o)
    0x08000346   0x08000346   0x00000064   Code   RO         3492    .text               c_w.l(rt_memcpy_w.o)
    0x080003aa   0x080003aa   0x0000004a   Code   RO         3522    .text               c_w.l(sys_stackheap_outer.o)
    0x080003f4   0x080003f4   0x00000012   Code   RO         3524    .text               c_w.l(exit.o)
    0x08000406   0x08000406   0x00000002   PAD
    0x08000408   0x08000408   0x00000008   Code   RO         3532    .text               c_w.l(libspace.o)
    0x08000410   0x08000410   0x0000000c   Code   RO         3593    .text               c_w.l(sys_exit.o)
    0x0800041c   0x0800041c   0x00000002   Code   RO         3604    .text               c_w.l(use_no_semi.o)
    0x0800041e   0x0800041e   0x00000000   Code   RO         3606    .text               c_w.l(indicate_semi.o)
    0x0800041e   0x0800041e   0x00000002   PAD
    0x08000420   0x08000420   0x0000009c   Code   RO         3342    i.AutoCtrlDataProcess  remote_task.o
    0x080004bc   0x080004bc   0x00000214   Code   RO         3375    i.Automatic_chassis_control  chassis_task.o
    0x080006d0   0x080006d0   0x00000004   Code   RO          178    i.BusFault_Handler  stm32f4xx_it.o
    0x080006d4   0x080006d4   0x00000618   Code   RO          384    i.CAN1_RX0_IRQHandler  can1.o
    0x08000cec   0x08000cec   0x00000038   Code   RO         1596    i.CAN_ClearFlag     stm32f4xx_can.o
    0x08000d24   0x08000d24   0x000000a8   Code   RO         1597    i.CAN_ClearITPendingBit  stm32f4xx_can.o
    0x08000dcc   0x08000dcc   0x00000108   Code   RO         1601    i.CAN_FilterInit    stm32f4xx_can.o
    0x08000ed4   0x08000ed4   0x00000120   Code   RO         1603    i.CAN_GetITStatus   stm32f4xx_can.o
    0x08000ff4   0x08000ff4   0x00000012   Code   RO         1607    i.CAN_ITConfig      stm32f4xx_can.o
    0x08001006   0x08001006   0x00000114   Code   RO         1608    i.CAN_Init          stm32f4xx_can.o
    0x0800111a   0x0800111a   0x000000f0   Code   RO         1611    i.CAN_Receive       stm32f4xx_can.o
    0x0800120a   0x0800120a   0x00000126   Code   RO         1616    i.CAN_Transmit      stm32f4xx_can.o
    0x08001330   0x08001330   0x000000fc   Code   RO          385    i.Can1_Configuration  can1.o
    0x0800142c   0x0800142c   0x00000012   Code   RO         1619    i.CheckITStatus     stm32f4xx_can.o
    0x0800143e   0x0800143e   0x00000002   PAD
    0x08001440   0x08001440   0x00000034   Code   RO         1978    i.DMA_ClearFlag     stm32f4xx_dma.o
    0x08001474   0x08001474   0x00000016   Code   RO         1980    i.DMA_Cmd           stm32f4xx_dma.o
    0x0800148a   0x0800148a   0x00000002   PAD
    0x0800148c   0x0800148c   0x00000158   Code   RO         1981    i.DMA_DeInit        stm32f4xx_dma.o
    0x080015e4   0x080015e4   0x00000016   Code   RO         1982    i.DMA_DoubleBufferModeCmd  stm32f4xx_dma.o
    0x080015fa   0x080015fa   0x00000018   Code   RO         1983    i.DMA_DoubleBufferModeConfig  stm32f4xx_dma.o
    0x08001612   0x08001612   0x00000008   Code   RO         1986    i.DMA_GetCurrDataCounter  stm32f4xx_dma.o
    0x0800161a   0x0800161a   0x00000014   Code   RO         1987    i.DMA_GetCurrentMemoryTarget  stm32f4xx_dma.o
    0x0800162e   0x0800162e   0x00000002   PAD
    0x08001630   0x08001630   0x00000058   Code   RO         1992    i.DMA_Init          stm32f4xx_dma.o
    0x08001688   0x08001688   0x00000004   Code   RO         1995    i.DMA_SetCurrDataCounter  stm32f4xx_dma.o
    0x0800168c   0x0800168c   0x00000022   Code   RO         1996    i.DMA_StructInit    stm32f4xx_dma.o
    0x080016ae   0x080016ae   0x00000002   Code   RO          179    i.DebugMon_Handler  stm32f4xx_it.o
    0x080016b0   0x080016b0   0x00000090   Code   RO          678    i.GPIO_Init         stm32f4xx_gpio.o
    0x08001740   0x08001740   0x00000046   Code   RO          679    i.GPIO_PinAFConfig  stm32f4xx_gpio.o
    0x08001786   0x08001786   0x00000004   Code   RO          686    i.GPIO_SetBits      stm32f4xx_gpio.o
    0x0800178a   0x0800178a   0x00000012   Code   RO          687    i.GPIO_StructInit   stm32f4xx_gpio.o
    0x0800179c   0x0800179c   0x00000004   Code   RO          180    i.HardFault_Handler  stm32f4xx_it.o
    0x080017a0   0x080017a0   0x0000004c   Code   RO         3421    i.ImuDataProcess    imu_task.o
    0x080017ec   0x080017ec   0x00000004   Code   RO          181    i.MemManage_Handler  stm32f4xx_it.o
    0x080017f0   0x080017f0   0x00000002   Code   RO          182    i.NMI_Handler       stm32f4xx_it.o
    0x080017f2   0x080017f2   0x00000002   PAD
    0x080017f4   0x080017f4   0x00000078   Code   RO          633    i.NVIC_Init         misc.o
    0x0800186c   0x0800186c   0x00000222   Code   RO          507    i.PID_Calc          pid.o
    0x08001a8e   0x08001a8e   0x0000000e   Code   RO          508    i.PID_Init          pid.o
    0x08001a9c   0x08001a9c   0x000000bc   Code   RO          509    i.PID_InitALL       pid.o
    0x08001b58   0x08001b58   0x00000016   Code   RO          510    i.PID_SetParam      pid.o
    0x08001b6e   0x08001b6e   0x00000002   Code   RO          183    i.PendSV_Handler    stm32f4xx_it.o
    0x08001b70   0x08001b70   0x00000020   Code   RO          775    i.RCC_AHB1PeriphClockCmd  stm32f4xx_rcc.o
    0x08001b90   0x08001b90   0x00000020   Code   RO          784    i.RCC_APB1PeriphClockCmd  stm32f4xx_rcc.o
    0x08001bb0   0x08001bb0   0x00000020   Code   RO          786    i.RCC_APB1PeriphResetCmd  stm32f4xx_rcc.o
    0x08001bd0   0x08001bd0   0x00000020   Code   RO          787    i.RCC_APB2PeriphClockCmd  stm32f4xx_rcc.o
    0x08001bf0   0x08001bf0   0x00000020   Code   RO          789    i.RCC_APB2PeriphResetCmd  stm32f4xx_rcc.o
    0x08001c10   0x08001c10   0x000000e8   Code   RO          796    i.RCC_GetClocksFreq  stm32f4xx_rcc.o
    0x08001cf8   0x08001cf8   0x00000068   Code   RO         3343    i.RemoteCtrlDataProcess  remote_task.o
    0x08001d60   0x08001d60   0x00000002   Code   RO          184    i.SVC_Handler       stm32f4xx_it.o
    0x08001d62   0x08001d62   0x00000002   PAD
    0x08001d64   0x08001d64   0x00000064   Code   RO          387    i.Send_motorvalue_CAN1_4  can1.o
    0x08001dc8   0x08001dc8   0x00000120   Code   RO          275    i.SetSysClock       system_stm32f4xx.o
    0x08001ee8   0x08001ee8   0x00000054   Code   RO         3376    i.Stop_chassis_control  chassis_task.o
    0x08001f3c   0x08001f3c   0x00000002   Code   RO          185    i.SysTick_Handler   stm32f4xx_it.o
    0x08001f3e   0x08001f3e   0x00000002   PAD
    0x08001f40   0x08001f40   0x00000068   Code   RO          277    i.SystemInit        system_stm32f4xx.o
    0x08001fa8   0x08001fa8   0x0000001a   Code   RO          551    i.TIM2_IRQHandler   callback.o
    0x08001fc2   0x08001fc2   0x00000002   PAD
    0x08001fc4   0x08001fc4   0x00000020   Code   RO          552    i.TIM4_IRQHandler   callback.o
    0x08001fe4   0x08001fe4   0x00000018   Code   RO         2784    i.TIM_ARRPreloadConfig  stm32f4xx_tim.o
    0x08001ffc   0x08001ffc   0x00000006   Code   RO         2790    i.TIM_ClearFlag     stm32f4xx_tim.o
    0x08002002   0x08002002   0x00000018   Code   RO         2796    i.TIM_Cmd           stm32f4xx_tim.o
    0x0800201a   0x0800201a   0x00000022   Code   RO         2817    i.TIM_GetITStatus   stm32f4xx_tim.o
    0x0800203c   0x0800203c   0x00000012   Code   RO         2821    i.TIM_ITConfig      stm32f4xx_tim.o
    0x0800204e   0x0800204e   0x00000002   PAD
    0x08002050   0x08002050   0x00000084   Code   RO         2868    i.TIM_TimeBaseInit  stm32f4xx_tim.o
    0x080020d4   0x080020d4   0x0000006e   Code   RO          429    i.Tim2_config       timer.o
    0x08002142   0x08002142   0x00000002   PAD
    0x08002144   0x08002144   0x00000070   Code   RO          430    i.Tim4_config       timer.o
    0x080021b4   0x080021b4   0x000000a4   Code   RO          553    i.USART1_IRQHandler  callback.o
    0x08002258   0x08002258   0x00000070   Code   RO          554    i.USART2_IRQHandler  callback.o
    0x080022c8   0x080022c8   0x00000060   Code   RO          555    i.USART6_IRQHandler  callback.o
    0x08002328   0x08002328   0x00000018   Code   RO         1169    i.USART_Cmd         stm32f4xx_usart.o
    0x08002340   0x08002340   0x00000012   Code   RO         1170    i.USART_DMACmd      stm32f4xx_usart.o
    0x08002352   0x08002352   0x00000002   PAD
    0x08002354   0x08002354   0x000000f0   Code   RO         1171    i.USART_DeInit      stm32f4xx_usart.o
    0x08002444   0x08002444   0x0000001a   Code   RO         1172    i.USART_GetFlagStatus  stm32f4xx_usart.o
    0x0800245e   0x0800245e   0x00000054   Code   RO         1173    i.USART_GetITStatus  stm32f4xx_usart.o
    0x080024b2   0x080024b2   0x0000004a   Code   RO         1175    i.USART_ITConfig    stm32f4xx_usart.o
    0x080024fc   0x080024fc   0x000000d4   Code   RO         1176    i.USART_Init        stm32f4xx_usart.o
    0x080025d0   0x080025d0   0x00000008   Code   RO         1186    i.USART_SendData    stm32f4xx_usart.o
    0x080025d8   0x080025d8   0x00000018   Code   RO         1192    i.USART_StructInit  stm32f4xx_usart.o
    0x080025f0   0x080025f0   0x00000004   Code   RO          186    i.UsageFault_Handler  stm32f4xx_it.o
    0x080025f4   0x080025f4   0x00000038   Code   RO         3377    i.chassis_task      chassis_task.o
    0x0800262c   0x0800262c   0x0000001c   Code   RO          482    i.delay_ms          delay.o
    0x08002648   0x08002648   0x000002e4   Code   RO         3422    i.imu_task          imu_task.o
    0x0800292c   0x0800292c   0x00000070   Code   RO          364    i.led_config        led.o
    0x0800299c   0x0800299c   0x00000048   Code   RO            3    i.main              main.o
    0x080029e4   0x080029e4   0x0000023c   Code   RO         3378    i.remote_chassis_control_mode  chassis_task.o
    0x08002c20   0x08002c20   0x00000070   Code   RO         3423    i.send_imu_data     imu_task.o
    0x08002c90   0x08002c90   0x00000148   Code   RO          312    i.usart1_config     usart1.o
    0x08002dd8   0x08002dd8   0x00000138   Code   RO          338    i.usart2_config     usart2.o
    0x08002f10   0x08002f10   0x00000134   Code   RO          455    i.usart6_config     usart6.o
    0x08003044   0x08003044   0x00000018   Code   RO         3465    x$fpl$basic         fz_wm.l(basic.o)
    0x0800305c   0x0800305c   0x00000062   Code   RO         3467    x$fpl$d2f           fz_wm.l(d2f.o)
    0x080030be   0x080030be   0x00000002   PAD
    0x080030c0   0x080030c0   0x00000150   Code   RO         3469    x$fpl$dadd          fz_wm.l(daddsub_clz.o)
    0x08003210   0x08003210   0x00000018   Code   RO         3520    x$fpl$dcmpinf       fz_wm.l(dcmpi.o)
    0x08003228   0x08003228   0x000002b0   Code   RO         3476    x$fpl$ddiv          fz_wm.l(ddiv.o)
    0x080034d8   0x080034d8   0x0000002e   Code   RO         3480    x$fpl$dflt          fz_wm.l(dflt_clz.o)
    0x08003506   0x08003506   0x00000002   PAD
    0x08003508   0x08003508   0x00000078   Code   RO         3494    x$fpl$dleqf         fz_wm.l(dleqf.o)
    0x08003580   0x08003580   0x00000154   Code   RO         3485    x$fpl$dmul          fz_wm.l(dmul.o)
    0x080036d4   0x080036d4   0x0000009c   Code   RO         3496    x$fpl$dnaninf       fz_wm.l(dnaninf.o)
    0x08003770   0x08003770   0x0000000c   Code   RO         3498    x$fpl$dretinf       fz_wm.l(dretinf.o)
    0x0800377c   0x0800377c   0x0000006c   Code   RO         3487    x$fpl$drleqf        fz_wm.l(drleqf.o)
    0x080037e8   0x080037e8   0x000001d4   Code   RO         3471    x$fpl$dsub          fz_wm.l(daddsub_clz.o)
    0x080039bc   0x080039bc   0x00000056   Code   RO         3489    x$fpl$f2d           fz_wm.l(f2d.o)
    0x08003a12   0x08003a12   0x0000008c   Code   RO         3500    x$fpl$fnaninf       fz_wm.l(fnaninf.o)
    0x08003a9e   0x08003a9e   0x0000000a   Code   RO         3591    x$fpl$fpinit        fz_wm.l(fpinit.o)
    0x08003aa8   0x08003aa8   0x0000000a   Code   RO         3502    x$fpl$fretinf       fz_wm.l(fretinf.o)
    0x08003ab2   0x08003ab2   0x00000000   Code   RO         3504    x$fpl$usenofp       fz_wm.l(usenofp.o)
    0x08003ab2   0x08003ab2   0x00000002   PAD
    0x08003ab4   0x08003ab4   0x00000020   Data   RO         3659    Region$$Table       anon$$obj.o


    Execution Region RW_IRAM1 (Exec base: 0x20000000, Load base: 0x08003ad4, Size: 0x00000ef0, Max: 0x00030000, ABSOLUTE)

    Exec Addr    Load Addr    Size         Type   Attr      Idx    E Section Name        Object

    0x20000000   0x08003ad4   0x0000005c   Data   RW          389    .data               can1.o
    0x2000005c   0x08003b30   0x00000010   Data   RW          828    .data               stm32f4xx_rcc.o
    0x2000006c   0x08003b40   0x00000006   Data   RW         3345    .data               remote_task.o
    0x20000072   0x08003b46   0x00000002   PAD
    0x20000074   0x08003b48   0x00000018   Data   RW         3380    .data               chassis_task.o
    0x2000008c   0x08003b60   0x00000010   Data   RW         3425    .data               imu_task.o
    0x2000009c        -       0x00000100   Zero   RW          313    .bss                usart1.o
    0x2000019c        -       0x00000100   Zero   RW          339    .bss                usart2.o
    0x2000029c        -       0x00000050   Zero   RW          388    .bss                can1.o
    0x200002ec        -       0x00000100   Zero   RW          456    .bss                usart6.o
    0x200003ec   0x08003b70   0x00000004   PAD
    0x200003f0        -       0x00000478   Zero   RW          511    .bss                pid.o
    0x20000868        -       0x0000000c   Zero   RW         3344    .bss                remote_task.o
    0x20000874        -       0x00000018   Zero   RW         3424    .bss                imu_task.o
    0x2000088c        -       0x00000060   Zero   RW         3533    .bss                c_w.l(libspace.o)
    0x200008ec   0x08003b70   0x00000004   PAD
    0x200008f0        -       0x00000200   Zero   RW          625    HEAP                startup_stm32f40_41xxx.o
    0x20000af0        -       0x00000400   Zero   RW          624    STACK               startup_stm32f40_41xxx.o


==============================================================================

Image component sizes


      Code (inc. data)   RO Data    RW Data    ZI Data      Debug   Object Name

       430         50          0          0          0       3272   callback.o
      1912        156          0         92         80       5049   can1.o
      1244        188          0         24          0       2931   chassis_task.o
        28          0          0          0          0        607   delay.o
       928        134          0         16         24       2238   imu_task.o
       112          8          0          0          0        533   led.o
        72         12          0          0          0     309443   main.o
       120         14          0          0          0        992   misc.o
       770         56          0          0       1144       3954   pid.o
       260         18          0          6         12       2068   remote_task.o
        64         26        392          0       1536        832   startup_stm32f40_41xxx.o
      1622         20          0          0          0       7018   stm32f4xx_can.o
       618         40          0          0          0       7221   stm32f4xx_dma.o
       236          0          0          0          0       2832   stm32f4xx_gpio.o
        26          0          0          0          0     247810   stm32f4xx_it.o
       392         48          0         16          0       5757   stm32f4xx_rcc.o
       238         28          0          0          0       4201   stm32f4xx_tim.o
       710         42          0          0          0       6698   stm32f4xx_usart.o
       392         32          0          0          0       1493   system_stm32f4xx.o
       222          6          0          0          0       1088   timer.o
       328         18          0          0        256       1316   usart1.o
       312         18          0          0        256       1346   usart2.o
       308         16          0          0        256       1342   usart6.o

    ----------------------------------------------------------------------
     11364        930        424        156       3568     620041   Object Totals
         0          0         32          0          0          0   (incl. Generated)
        20          0          0          2          4          0   (incl. Padding)

    ----------------------------------------------------------------------

      Code (inc. data)   RO Data    RW Data    ZI Data      Debug   Library Member Name

         8          0          0          0          0         68   __main.o
         0          0          0          0          0          0   __rtentry.o
        12          0          0          0          0          0   __rtentry2.o
         6          0          0          0          0          0   __rtentry4.o
        52          8          0          0          0          0   __scatter.o
        26          0          0          0          0          0   __scatter_copy.o
        28          0          0          0          0          0   __scatter_zi.o
        18          0          0          0          0         80   exit.o
         6          0          0          0          0        152   heapauxi.o
         0          0          0          0          0          0   indicate_semi.o
         2          0          0          0          0          0   libinit.o
         6          0          0          0          0          0   libinit2.o
         2          0          0          0          0          0   libshutdown.o
         2          0          0          0          0          0   libshutdown2.o
         8          4          0          0         96         68   libspace.o
        78          0          0          0          0         80   rt_memclr_w.o
       138          0          0          0          0         68   rt_memcpy_v6.o
       100          0          0          0          0         80   rt_memcpy_w.o
         2          0          0          0          0          0   rtexit.o
        10          0          0          0          0          0   rtexit2.o
        12          4          0          0          0         68   sys_exit.o
        74          0          0          0          0         80   sys_stackheap_outer.o
         2          0          0          0          0         68   use_no_semi.o
        24          0          0          0          0        164   basic.o
        98          4          0          0          0        140   d2f.o
       804         16          0          0          0        368   daddsub_clz.o
        24          0          0          0          0        116   dcmpi.o
       688        140          0          0          0        256   ddiv.o
        46          0          0          0          0        116   dflt_clz.o
       120          4          0          0          0        140   dleqf.o
       340         12          0          0          0        152   dmul.o
       156          4          0          0          0        140   dnaninf.o
        12          0          0          0          0        116   dretinf.o
       108          0          0          0          0        128   drleqf.o
        86          4          0          0          0        132   f2d.o
       140          4          0          0          0        132   fnaninf.o
        10          0          0          0          0        116   fpinit.o
        10          0          0          0          0        116   fretinf.o
         0          0          0          0          0          0   usenofp.o

    ----------------------------------------------------------------------
      3272        204          0          0        100       3144   Library Totals
        14          0          0          0          4          0   (incl. Padding)

    ----------------------------------------------------------------------

      Code (inc. data)   RO Data    RW Data    ZI Data      Debug   Library Name

       592         16          0          0         96        812   c_w.l
      2666        188          0          0          0       2332   fz_wm.l

    ----------------------------------------------------------------------
      3272        204          0          0        100       3144   Library Totals

    ----------------------------------------------------------------------

==============================================================================


      Code (inc. data)   RO Data    RW Data    ZI Data      Debug   

     14636       1134        424        156       3668     613573   Grand Totals
     14636       1134        424        156       3668     613573   ELF Image Totals
     14636       1134        424        156          0          0   ROM Totals

==============================================================================

    Total RO  Size (Code + RO Data)                15060 (  14.71kB)
    Total RW  Size (RW Data + ZI Data)              3824 (   3.73kB)
    Total ROM Size (Code + RO Data + RW Data)      15216 (  14.86kB)

==============================================================================

