<html>
<body>
<pre>
<h1>礦ision Build Log</h1>
<h2>Tool Versions:</h2>
IDE-Version: μVision V5.25.2.0
Copyright (C) 2018 ARM Ltd and ARM Germany GmbH. All rights reserved.
License Information: 111 11, 11, LIC=76F63-ACPM7-X7YRZ-JX8RM-XGR93-YJ7M4
 
Tool Versions:
Toolchain:       MDK-ARM Plus  Version: 5.25.2.0
Toolchain Path:  D:\Keil_v5\ARM\ARMCC\Bin
C Compiler:      Armcc.exe V5.06 update 6 (build 750)
Assembler:       Armasm.exe V5.06 update 6 (build 750)
Linker/Locator:  ArmLink.exe V5.06 update 6 (build 750)
Library Manager: ArmAr.exe V5.06 update 6 (build 750)
Hex Converter:   FromElf.exe V5.06 update 6 (build 750)
CPU DLL:         SARMCM3.DLL V5.25.2.0
Dialog DLL:      DCM.DLL V1.17.1.0
Target DLL:      Segger\JL2CM3.dll V2.99.29.0
Dialog DLL:      TCM.DLL V1.35.1.0
 
<h2>Project:</h2>
E:\毕设\代码\无人车控制主板\UGV_2.0\USER\LED.uvprojx
Project File Date:  05/01/2019

<h2>Output:</h2>
*** Using Compiler 'V5.06 update 6 (build 750)', folder: 'D:\Keil_v5\ARM\ARMCC\Bin'
Rebuild target 'LED'
compiling led.c...
compiling usart2.c...
compiling system_stm32f4xx.c...
compiling can1.c...
can1.c(130): warning:  #546-D: transfer of control bypasses initialization of:
            variable "temp_sum_1"  (declared at line 158)
            variable "temp_sum_2"  (declared at line 196)
            variable "temp_sum_3"  (declared at line 234)
  		switch(rx_message.StdId)
  		^
can1.c: 1 warning, 0 errors
compiling usart1.c...
usart1.c(81): warning:  #1-D: last line of file ends without a newline
  	
usart1.c: 1 warning, 0 errors
compiling main.c...
main.c(28): warning:  #111-D: statement is unreachable
  	return 0;
main.c: 1 warning, 0 errors
compiling stm32f4xx_it.c...
assembling startup_stm32f40_41xxx.s...
compiling usart6.c...
compiling delay.c...
compiling timer.c...
compiling misc.c...
compiling callback.c...
compiling stm32f4xx_gpio.c...
compiling pid.c...
compiling stm32f4xx_dcmi.c...
compiling stm32f4xx_adc.c...
compiling stm32f4xx_dac.c...
compiling stm32f4xx_syscfg.c...
compiling stm32f4xx_usart.c...
compiling stm32f4xx_can.c...
compiling stm32f4xx_rcc.c...
compiling stm32f4xx_spi.c...
compiling stm32f4xx_exti.c...
compiling stm32f4xx_flash.c...
compiling remote_task.c...
compiling stm32f4xx_dma.c...
compiling stm32f4xx_sdio.c...
compiling stm32f4xx_tim.c...
compiling chassis_task.c...
compiling imu_task.c...
imu_task.c(11): warning:  #1035-D: single-precision operand implicitly converted to double-precision
  	float x = 0.0001 * (-chassis_Motor1_loco + chassis_Motor3_loco + chassis_Motor2_loco - chassis_Motor4_loco) / 4.0 * 1.41421 / 2.0 * 0.822; 
imu_task.c(12): warning:  #1035-D: single-precision operand implicitly converted to double-precision
  	float y = 0.0001 * (-chassis_Motor1_loco + chassis_Motor3_loco - chassis_Motor2_loco + chassis_Motor4_loco) / 4.0 * 1.41421 / 2.0 * 0.822;
imu_task.c: 2 warnings, 0 errors
linking...
Program Size: Code=14636 RO-data=424 RW-data=156 ZI-data=3668  
FromELF: creating hex file...
"..\OBJ\LED.axf" - 0 Error(s), 5 Warning(s).

<h2>Software Packages used:</h2>

Package Vendor: Keil
                http://www.keil.com/pack/Keil.STM32F4xx_DFP.2.13.0.pack
                Keil.STM32F4xx_DFP.2.13.0
                STMicroelectronics STM32F4 Series Device Support, Drivers and Examples

<h2>Collection of Component include folders:</h2>
  .\RTE\_LED
  D:\Keil_v5\ARM\PACK\Keil\STM32F4xx_DFP\2.13.0\Drivers\CMSIS\Device\ST\STM32F4xx\Include

<h2>Collection of Component Files used:</h2>
Build Time Elapsed:  00:00:08
</pre>
</body>
</html>
